The NODE_ENV environment variable is required but was not specified. Ensure the project is bundled with Expo CLI or NODE_ENV is set.
Proceeding without mode-specific .env
android\app\build\generated\assets\createBundleReleaseJsAndAssets\index.android.bundle:2376:20: warning: the variable "Promise" was not declared in function "promiseMethodWrapper"
        return new Promise((resolve, reject) => {
                   ^~~~~~~
android\app\build\generated\assets\createBundleReleaseJsAndAssets\index.android.bundle:2598:23: warning: the variable "DebuggerInternal" was not declared in function "__shouldPauseOnThrow"
        return typeof DebuggerInternal !== 'undefined' && DebuggerInternal.sh...
                      ^~~~~~~~~~~~~~~~
android\app\build\generated\assets\createBundleReleaseJsAndAssets\index.android.bundle:3915:5: warning: the variable "setImmediate" was not declared in function "handleResolved"
    setImmediate(function () {
    ^~~~~~~~~~~~
android\app\build\generated\assets\createBundleReleaseJsAndAssets\index.android.bundle:5263:94: warning: the variable "setTimeout" was not declared in anonymous arrow function " 238#"
...).then(callback).catch(error => setTimeout(() => {
                                   ^~~~~~~~~~
android\app\build\generated\assets\createBundleReleaseJsAndAssets\index.android.bundle:7540:5: warning: the variable "Headers" was not declared in anonymous function " 311#"
    Headers,
    ^~~~~~~
android\app\build\generated\assets\createBundleReleaseJsAndAssets\index.android.bundle:7541:5: warning: the variable "Request" was not declared in anonymous function " 311#"
    Request,
    ^~~~~~~
android\app\build\generated\assets\createBundleReleaseJsAndAssets\index.android.bundle:7542:5: warning: the variable "Response" was not declared in anonymous function " 311#"
    Response
    ^~~~~~~~
android\app\build\generated\assets\createBundleReleaseJsAndAssets\index.android.bundle:7699:24: warning: the variable "FileReader" was not declared in function "readBlobAsArrayBuffer"
      var reader = new FileReader();
                       ^~~~~~~~~~
android\app\build\generated\assets\createBundleReleaseJsAndAssets\index.android.bundle:7750:36: warning: the variable "Blob" was not declared in anonymous function " 322#"
        } else if (support.blob && Blob.prototype.isPrototypeOf(body)) {
                                   ^~~~
android\app\build\generated\assets\createBundleReleaseJsAndAssets\index.android.bundle:7752:40: warning: the variable "FormData" was not declared in anonymous function " 322#"
        } else if (support.formData && FormData.prototype.isPrototypeOf(body)) {
                                       ^~~~~~~~
android\app\build\generated\assets\createBundleReleaseJsAndAssets\index.android.bundle:7754:44: warning: the variable "URLSearchParams" was not declared in anonymous function " 322#"
...e if (support.searchParams && URLSearchParams.prototype.isPrototypeOf(body...
                                 ^~~~~~~~~~~~~~~
android\app\build\generated\assets\createBundleReleaseJsAndAssets\index.android.bundle:7873:26: warning: the variable "AbortController" was not declared in anonymous function " 328#"
          var ctrl = new AbortController();
                         ^~~~~~~~~~~~~~~
android\app\build\generated\assets\createBundleReleaseJsAndAssets\index.android.bundle:8007:23: warning: the variable "XMLHttpRequest" was not declared in anonymous function " 332#"
        var xhr = new XMLHttpRequest();
                      ^~~~~~~~~~~~~~
android\app\build\generated\assets\createBundleReleaseJsAndAssets\index.android.bundle:7552:71: warning: the variable "self" was not declared in anonymous function " 314#"
...undefined' && globalThis || typeof self !== 'undefined' && self ||
                                      ^~~~
android\app\build\generated\assets\createBundleReleaseJsAndAssets\index.android.bundle:17103:31: warning: the variable "nativeFabricUIManager" was not declared in anonymous function " 645#"
  var _nativeFabricUIManage = nativeFabricUIManager,
                              ^~~~~~~~~~~~~~~~~~~~~
android\app\build\generated\assets\createBundleReleaseJsAndAssets\index.android.bundle:17131:21: warning: the variable "clearTimeout" was not declared in anonymous function " 645#"
    cancelTimeout = clearTimeout;
                    ^~~~~~~~~~~~
android\app\build\generated\assets\createBundleReleaseJsAndAssets\index.android.bundle:17144:51: warning: the variable "RN$enableMicrotasksInReact" was not declared in anonymous function " 645#"
... "undefined" !== typeof RN$enableMicrotasksInReact && !!RN$enableMicrotask...
                           ^~~~~~~~~~~~~~~~~~~~~~~~~~
android\app\build\generated\assets\createBundleReleaseJsAndAssets\index.android.bundle:17145:47: warning: the variable "queueMicrotask" was not declared in anonymous function " 645#"
...otask = "function" === typeof queueMicrotask ? queueMicrotask : scheduleTi...
                                 ^~~~~~~~~~~~~~
android\app\build\generated\assets\createBundleReleaseJsAndAssets\index.android.bundle:21566:30: warning: the variable "__REACT_DEVTOOLS_GLOBAL_HOOK__" was not declared in anonymous function " 645#"
  if ("undefined" !== typeof __REACT_DEVTOOLS_GLOBAL_HOOK__) {
                             ^~~~~~~~~~~~~~~~~~~~~~~~~~~~~~
android\app\build\generated\assets\createBundleReleaseJsAndAssets\index.android.bundle:21704:26: warning: the variable "navigator" was not declared in anonymous function " 678#"
  "undefined" !== typeof navigator && undefined !== navigator.scheduling && u...
                         ^~~~~~~~~
android\app\build\generated\assets\createBundleReleaseJsAndAssets\index.android.bundle:21814:37: warning: the variable "MessageChannel" was not declared in anonymous function " 678#"
  };else if ("undefined" !== typeof MessageChannel) {
                                    ^~~~~~~~~~~~~~
android\app\build\generated\assets\createBundleReleaseJsAndAssets\index.android.bundle:21829:34: warning: the variable "nativeRuntimeScheduler" was not declared in anonymous function " 678#"
... = "undefined" !== typeof nativeRuntimeScheduler ? nativeRuntimeScheduler....
                             ^~~~~~~~~~~~~~~~~~~~~~
android\app\build\generated\assets\createBundleReleaseJsAndAssets\index.android.bundle:30662:16: warning: the variable "SharedArrayBuffer" was not declared in function "from"
    if (typeof SharedArrayBuffer !== 'undefined' && (isInstance(value, Shared...
               ^~~~~~~~~~~~~~~~~
android\app\build\generated\assets\createBundleReleaseJsAndAssets\index.android.bundle:38549:34: warning: the variable "requestAnimationFrame" was not declared in function "start 9#"
...    this._animationFrame = requestAnimationFrame(this.onUpdate.bind(this));
                              ^~~~~~~~~~~~~~~~~~~~~
android\app\build\generated\assets\createBundleReleaseJsAndAssets\index.android.bundle:53717:26: warning: the variable "SuppressedError" was not declared in anonymous function " 1654#"
    "function" == typeof SuppressedError && SuppressedError;
                         ^~~~~~~~~~~~~~~
android\app\build\generated\assets\createBundleReleaseJsAndAssets\index.android.bundle:54002:34: warning: the variable "structuredClone" was not declared in function "be"
        } : "function" == typeof structuredClone ? function (e) {
                                 ^~~~~~~~~~~~~~~
android\app\build\generated\assets\createBundleReleaseJsAndAssets\index.android.bundle:61551:16: warning: Direct call to eval(), but lexical scope is not supported.
        return eval(body);
               ^~~~~~~~~~
android\app\build\generated\assets\createBundleReleaseJsAndAssets\index.android.bundle:64774:38: warning: the variable "document" was not declared in anonymous function " 2231#"
...r useClientLayoutEffect = typeof document !== 'undefined' || typeof naviga...
                                    ^~~~~~~~
android\app\build\generated\assets\createBundleReleaseJsAndAssets\index.android.bundle:70335:9: warning: the variable "REACT_NAVIGATION_DEVTOOLS" was not declared in anonymous arrow function " 2588#"
        REACT_NAVIGATION_DEVTOOLS.set(refContainer.current, {
        ^~~~~~~~~~~~~~~~~~~~~~~~~
android\app\build\generated\assets\createBundleReleaseJsAndAssets\index.android.bundle:76082:16: warning: the variable "requestIdleCallback" was not declared in anonymous arrow function " 2833#"
      var id = requestIdleCallback(() => {
               ^~~~~~~~~~~~~~~~~~~
android\app\build\generated\assets\createBundleReleaseJsAndAssets\index.android.bundle:76085:20: warning: the variable "cancelIdleCallback" was not declared in anonymous arrow function " 2835#"
      return () => cancelIdleCallback(id);
                   ^~~~~~~~~~~~~~~~~~
android\app\build\generated\assets\createBundleReleaseJsAndAssets\index.android.bundle:79584:11: warning: the variable "cancelAnimationFrame" was not declared in function "cleanup"
          cancelAnimationFrame(this.splashScreenAnimationFrame);
          ^~~~~~~~~~~~~~~~~~~~
android\app\build\generated\assets\createBundleReleaseJsAndAssets\index.android.bundle:80764:16: warning: the variable "ReactNativeWebView" was not declared in function "emitDomEvent"
    if (typeof ReactNativeWebView !== 'undefined') {
               ^~~~~~~~~~~~~~~~~~
android\app\build\generated\assets\createBundleReleaseJsAndAssets\index.android.bundle:121008:13: warning: the variable "clearInterval" was not declared in anonymous arrow function " 3646#"
            clearInterval(this._workerHeartbeatTimer);
            ^~~~~~~~~~~~~
android\app\build\generated\assets\createBundleReleaseJsAndAssets\index.android.bundle:121412:30: warning: the variable "Worker" was not declared in function "_startWorkerHeartbeat"
        this.workerRef = new Worker(objectUrl);
                             ^~~~~~
android\app\build\generated\assets\createBundleReleaseJsAndAssets\index.android.bundle:121558:20: warning: the variable "WebSocket" was not declared in function "detectEnvironment"
        if (typeof WebSocket !== 'undefined') {
                   ^~~~~~~~~
android\app\build\generated\assets\createBundleReleaseJsAndAssets\index.android.bundle:121801:27: warning: the variable "TextEncoder" was not declared in function "_encodeJsonUserBroadcastPush"
        var encoder = new TextEncoder();
                          ^~~~~~~~~~~
android\app\build\generated\assets\createBundleReleaseJsAndAssets\index.android.bundle:121883:27: warning: the variable "TextDecoder" was not declared in function "_binaryDecode"
        var decoder = new TextDecoder();
                          ^~~~~~~~~~~
android\app\build\generated\assets\createBundleReleaseJsAndAssets\index.android.bundle:123958:12: warning: the variable "btoa" was not declared in arrow function "arrayBufferToBase64"
    return btoa(binary);
           ^~~~
android\app\build\generated\assets\createBundleReleaseJsAndAssets\index.android.bundle:123964:26: warning: the variable "atob" was not declared in function "LongPoll 1#"
        this.authToken = atob(protocols[1].slice(AUTH_TOKEN_PREFIX.length));
                         ^~~~
android\app\build\generated\assets\createBundleReleaseJsAndAssets\index.android.bundle:124122:20: warning: the variable "CloseEvent" was not declared in function "close 7#"
        if (typeof CloseEvent !== "undefined") {
                   ^~~~~~~~~~
android\app\build\generated\assets\createBundleReleaseJsAndAssets\index.android.bundle:126406:27: warning: the variable "ReadableStream" was not declared in function "?anon_0_ 86#"
              if ((typeof ReadableStream !== "undefined" && body instanceof R...
                          ^~~~~~~~~~~~~~
android\app\build\generated\assets\createBundleReleaseJsAndAssets\index.android.bundle:127435:20: warning: the variable "Buffer" was not declared in function "toBase64"
        if (typeof Buffer !== "undefined") return Buffer.from(data).toString(...
                   ^~~~~~
android\app\build\generated\assets\createBundleReleaseJsAndAssets\index.android.bundle:132133:16: warning: the variable "crypto" was not declared in function "generatePKCEVerifier"
    if (typeof crypto === 'undefined') {
               ^~~~~~
android\app\build\generated\assets\createBundleReleaseJsAndAssets\index.android.bundle:137915:24: warning: the variable "setInterval" was not declared in function "?anon_0_ 308#"
          var ticker = setInterval(() => this._autoRefreshTokenTick(), consta...
                       ^~~~~~~~~~~
android\app\build\generated\assets\createBundleReleaseJsAndAssets\index.android.bundle:139600:7: warning: the variable "__magic__" was not declared in function "polyfillGlobalThis"
      __magic__.globalThis = __magic__;
      ^~~~~~~~~
android\app\build\generated\assets\createBundleReleaseJsAndAssets\index.android.bundle:139802:16: warning: the variable "PublicKeyCredential" was not declared in function "deserializeCredentialCreationOptions"
    if (typeof PublicKeyCredential !== 'undefined' && 'parseCreationOptionsFr...
               ^~~~~~~~~~~~~~~~~~~
android\app\build\generated\assets\createBundleReleaseJsAndAssets\index.android.bundle:140662:37: warning: the variable "AbortSignal" was not declared in function "identifyRegistrationError"
      if (options.signal instanceof AbortSignal) {
                                    ^~~~~~~~~~~
android\app\build\generated\assets\createBundleReleaseJsAndAssets\index.android.bundle:141626:18: warning: the variable "FinalizationRegistry" was not declared in function "initializeServerApp"
      if (typeof FinalizationRegistry === 'undefined') {
                 ^~~~~~~~~~~~~~~~~~~~
android\app\build\generated\assets\createBundleReleaseJsAndAssets\index.android.bundle:145341:29: warning: the variable "IDBDatabase" was not declared in function "getMethod"
    if (!(target instanceof IDBDatabase && !(prop in target) && typeof prop =...
                            ^~~~~~~~~~~
android\app\build\generated\assets\createBundleReleaseJsAndAssets\index.android.bundle:145350:37: warning: the variable "IDBIndex" was not declared in function "getMethod"
    !(targetFuncName in (useIndex ? IDBIndex : IDBObjectStore).prototype) || ...
                                    ^~~~~~~~
android\app\build\generated\assets\createBundleReleaseJsAndAssets\index.android.bundle:145350:48: warning: the variable "IDBObjectStore" was not declared in function "getMethod"
...ame in (useIndex ? IDBIndex : IDBObjectStore).prototype) || !(isWrite || r...
                                 ^~~~~~~~~~~~~~
android\app\build\generated\assets\createBundleReleaseJsAndAssets\index.android.bundle:145394:94: warning: the variable "IDBCursor" was not declared in function "getIdbProxyableTypes"
...abase, IDBObjectStore, IDBIndex, IDBCursor, IDBTransaction]);
                                    ^~~~~~~~~
android\app\build\generated\assets\createBundleReleaseJsAndAssets\index.android.bundle:145394:105: warning: the variable "IDBTransaction" was not declared in function "getIdbProxyableTypes"
...ctStore, IDBIndex, IDBCursor, IDBTransaction]);
                                 ^~~~~~~~~~~~~~
android\app\build\generated\assets\createBundleReleaseJsAndAssets\index.android.bundle:145449:32: warning: the variable "DOMException" was not declared in arrow function "error 8#"
        reject(tx.error || new DOMException('AbortError', 'AbortError'));
                               ^~~~~~~~~~~~
android\app\build\generated\assets\createBundleReleaseJsAndAssets\index.android.bundle:145541:26: warning: the variable "IDBRequest" was not declared in function "wrap 1#"
    if (value instanceof IDBRequest) return promisifyRequest(value);
                         ^~~~~~~~~~
android\app\build\generated\assets\createBundleReleaseJsAndAssets\index.android.bundle:163131:27: warning: the variable "Comment" was not declared in function "Qr 1#"
      return t instanceof Comment && "" === t.data ? Zr(t) : t;
                          ^~~~~~~
android\app\build\generated\assets\createBundleReleaseJsAndAssets\index.android.bundle:163518:55: warning: the variable "EventTarget" was not declared in function "ra"
...typeof e && e && !(e instanceof EventTarget)) if (re in e) ta(e);else if (...
                                   ^~~~~~~~~~~
android\app\build\generated\assets\createBundleReleaseJsAndAssets\index.android.bundle:163559:78: warning: the variable "HTMLMediaElement" was not declared in function "ia"
...=== document || r instanceof HTMLMediaElement) && it(() => {
                                ^~~~~~~~~~~~~~~~
android\app\build\generated\assets\createBundleReleaseJsAndAssets\index.android.bundle:163728:21: warning: the variable "Element" was not declared in anonymous function " 5619#"
            var e = Element.prototype,
                    ^~~~~~~
android\app\build\generated\assets\createBundleReleaseJsAndAssets\index.android.bundle:163729:19: warning: the variable "Node" was not declared in anonymous function " 5619#"
              r = Node.prototype,
                  ^~~~
android\app\build\generated\assets\createBundleReleaseJsAndAssets\index.android.bundle:163730:19: warning: the variable "Text" was not declared in anonymous function " 5619#"
              t = Text.prototype;
                  ^~~~
android\app\build\generated\assets\createBundleReleaseJsAndAssets\index.android.bundle:164091:29: warning: the variable "CustomEvent" was not declared in anonymous arrow function " 5649#"
        e.dispatchEvent(new CustomEvent(r));
                            ^~~~~~~~~~~
android\app\build\generated\assets\createBundleReleaseJsAndAssets\index.android.bundle:164506:27: warning: the variable "MutationObserver" was not declared in anonymous function " 5679#"
              var r = new MutationObserver(() => {
                          ^~~~~~~~~~~~~~~~
android\app\build\generated\assets\createBundleReleaseJsAndAssets\index.android.bundle:170875:18: warning: the variable "WebKitCSSMatrix" was not declared in function "Cl"
      return new WebKitCSSMatrix(r.transform).m41;
                 ^~~~~~~~~~~~~~~
android\app\build\generated\assets\createBundleReleaseJsAndAssets\index.android.bundle:172402:30: warning: the variable "FontFace" was not declared in function "?anon_0__loop6"
                  _n17 = new FontFace(_a26, `url(${e.url})`, {
                             ^~~~~~~~
android\app\build\generated\assets\createBundleReleaseJsAndAssets\index.android.bundle:173504:35: warning: the variable "ResizeObserver" was not declared in anonymous arrow function " 6314#"
      Ra(() => (Zt(o) && (n = new ResizeObserver(() => {
                                  ^~~~~~~~~~~~~~
android\app\build\generated\assets\createBundleReleaseJsAndAssets\index.android.bundle:177227:16: warning: the variable "getComputedStyle" was not declared in function "qg"
      var n = +getComputedStyle(e).opacity;
               ^~~~~~~~~~~~~~~~
android\app\build\generated\assets\createBundleReleaseJsAndAssets\index.android.bundle:180555:14: warning: the variable "screen" was not declared in function "Bh"
      typeof screen < "u" && screen && (n = screen.width, o = screen.height);
             ^~~~~~
android\app\build\generated\assets\createBundleReleaseJsAndAssets\index.android.bundle:180566:19: warning: the variable "Intl" was not declared in function "Bh"
        timeZone: Intl.DateTimeFormat().resolvedOptions().timeZone,
                  ^~~~
android\app\build\generated\assets\createBundleReleaseJsAndAssets\index.android.bundle:183052:81: warning: the variable "localStorage" was not declared in function "configure 4#"
...pUserId, "undefined" != typeof localStorage && localStorage.setItem(Fy.APP...
                                  ^~~~~~~~~~~~
android\app\build\generated\assets\createBundleReleaseJsAndAssets\index.android.bundle:202298:25: warning: the variable "Atomics" was not declared in anonymous function " 8143#"
    '%Atomics%': typeof Atomics === 'undefined' ? undefined : Atomics,
                        ^~~~~~~
android\app\build\generated\assets\createBundleReleaseJsAndAssets\index.android.bundle:202313:30: warning: the variable "Float16Array" was not declared in anonymous function " 8143#"
    '%Float16Array%': typeof Float16Array === 'undefined' ? undefined : Float...
                             ^~~~~~~~~~~~
android\app\build\generated\assets\createBundleReleaseJsAndAssets\index.android.bundle:202356:25: warning: the variable "WeakRef" was not declared in anonymous function " 8143#"
    '%WeakRef%': typeof WeakRef === 'undefined' ? undefined : WeakRef,
                        ^~~~~~~
android\app\build\generated\assets\createBundleReleaseJsAndAssets\index.android.bundle:256540:18: warning: the variable "dispatchEvent" was not declared in function "reportError 1#"
      if (typeof dispatchEvent === "function" && typeof ErrorEvent === "funct...
                 ^~~~~~~~~~~~~
android\app\build\generated\assets\createBundleReleaseJsAndAssets\index.android.bundle:256540:57: warning: the variable "ErrorEvent" was not declared in function "reportError 1#"
...hEvent === "function" && typeof ErrorEvent === "function") {
                                   ^~~~~~~~~~
android\app\build\generated\assets\createBundleReleaseJsAndAssets\index.android.bundle:267099:27: warning: the variable "Event" was not declared in anonymous arrow function " 10176#"
              var s = new Event("track");
                          ^~~~~
android\app\build\generated\assets\createBundleReleaseJsAndAssets\index.android.bundle:267271:17: warning: the variable "RTCSessionDescription" was not declared in function "o 30#"
        }), new RTCSessionDescription({
                ^~~~~~~~~~~~~~~~~~~~~
android\app\build\generated\assets\createBundleReleaseJsAndAssets\index.android.bundle:268722:43: warning: the variable "MediaStream" was not declared in function "?anon_0_ 1247#"
...  n.createMediaStreamSource(new MediaStream([e.mediaStreamTrack])).connect...
                                   ^~~~~~~~~~~
android\app\build\generated\assets\createBundleReleaseJsAndAssets\index.android.bundle:268978:48: warning: the variable "HTMLVideoElement" was not declared in function "lr 1#"
...ck(e)), Sr() && t instanceof HTMLVideoElement || (t.autoplay = true), t.mu...
                                ^~~~~~~~~~~~~~~~
android\app\build\generated\assets\createBundleReleaseJsAndAssets\index.android.bundle:269056:34: warning: the variable "RTCPeerConnection" was not declared in function "mr 1#"
      return "addTransceiver" in RTCPeerConnection.prototype;
                                 ^~~~~~~~~~~~~~~~~
android\app\build\generated\assets\createBundleReleaseJsAndAssets\index.android.bundle:269062:34: warning: the variable "RTCRtpSender" was not declared in function "vr 2#"
      if (!("getCapabilities" in RTCRtpSender)) return false;
                                 ^~~~~~~~~~~~
android\app\build\generated\assets\createBundleReleaseJsAndAssets\index.android.bundle:269195:24: warning: the variable "AudioContext" was not declared in function "Hr 1#"
        var _e49 = new AudioContext(),
                       ^~~~~~~~~~~~
android\app\build\generated\assets\createBundleReleaseJsAndAssets\index.android.bundle:269256:36: warning: the variable "MediaStreamTrack" was not declared in function "Zr 2#"
      return !!e && !(e instanceof MediaStreamTrack) && e.isLocal;
                                   ^~~~~~~~~~~~~~~~
android\app\build\generated\assets\createBundleReleaseJsAndAssets\index.android.bundle:268948:28: warning: the variable "HTMLAudioElement" was not declared in function "recycleElement"
          if (e instanceof HTMLAudioElement) {
                           ^~~~~~~~~~~~~~~~
android\app\build\generated\assets\createBundleReleaseJsAndAssets\index.android.bundle:269171:37: warning: the variable "IntersectionObserver" was not declared in arrow function "Br 2#"
    var Br = () => (Fr || (Fr = new IntersectionObserver(Lr, {
                                    ^~~~~~~~~~~~~~~~~~~~
android\app\build\generated\assets\createBundleReleaseJsAndAssets\index.android.bundle:269703:35: warning: the variable "RTCRtpScriptTransform" was not declared in function "?anon_0_ 1260#"
                e.transform = new RTCRtpScriptTransform(this.worker, _s20);
                                  ^~~~~~~~~~~~~~~~~~~~~
android\app\build\generated\assets\createBundleReleaseJsAndAssets\index.android.bundle:269964:29: warning: the variable "WritableStream" was not declared in anonymous arrow function " 10750#"
              writable: new WritableStream({
                            ^~~~~~~~~~~~~~
android\app\build\generated\assets\createBundleReleaseJsAndAssets\index.android.bundle:272122:36: warning: the variable "MediaRecorder" was not declared in anonymous function " 10131#"
    var yc = "undefined" != typeof MediaRecorder;
                                   ^~~~~~~~~~~~~
android\app\build\generated\assets\createBundleReleaseJsAndAssets\index.android.bundle:274941:129: warning: the variable "RTCRtpReceiver" was not declared in function "startMonitor 2#"
..., fc)), "undefined" != typeof RTCRtpReceiver && "getSynchronizationSources...
                                 ^~~~~~~~~~~~~~
android\app\build\generated\assets\createBundleReleaseJsAndAssets\index.android.bundle:279338:34: warning: the variable "RTCIceCandidate" was not declared in anonymous arrow function " 11512#"
                  var _i66 = new RTCIceCandidate(e);
                                 ^~~~~~~~~~~~~~~
android\app\build\generated\assets\createBundleReleaseJsAndAssets\index.android.bundle:279355:30: warning: the variable "RTCPeerConnectionIceErrorEvent" was not declared in anonymous arrow function " 11514#"
...         e instanceof RTCPeerConnectionIceErrorEvent && this.appendWarning...
                         ^~~~~~~~~~~~~~~~~~~~~~~~~~~~~~
android\app\build\generated\assets\createBundleReleaseJsAndAssets\index.android.bundle:287084:32: warning: the variable "HTMLElement" was not declared in function "ee 3#"
    return qe() ? e instanceof HTMLElement || e instanceof z(e).HTMLElement :...
                               ^~~~~~~~~~~
android\app\build\generated\assets\createBundleReleaseJsAndAssets\index.android.bundle:287087:28: warning: the variable "ShadowRoot" was not declared in function "At 3#"
    return !qe() || typeof ShadowRoot > "u" ? false : e instanceof ShadowRoot...
                           ^~~~~~~~~~
android\app\build\generated\assets\createBundleReleaseJsAndAssets\index.android.bundle:287130:19: warning: the variable "CSS" was not declared in function "mt 3#"
    return typeof CSS > "u" || !CSS.supports ? false : CSS.supports("-webkit-...
                  ^~~
android\app\build\generated\assets\createBundleReleaseJsAndAssets\index.android.bundle:290145:82: warning: the variable "File" was not declared in anonymous arrow function " 12328#"
...promise)), Fe((M, G) => [...M, new File(G.buffer, G.fileName)], []), O(M =...
                                      ^~~~
android\app\build\generated\assets\createBundleReleaseJsAndAssets\index.android.bundle:295595:31: warning: the variable "StopIteration" was not declared in anonymous function " 12836#"
  var $StopIteration = typeof StopIteration === 'object' ? StopIteration : null;
                              ^~~~~~~~~~~~~
android\app\build\generated\assets\createBundleReleaseJsAndAssets\index.android.bundle:307041:11: warning: the variable "_WORKLET" was not declared in function "assertEasingIsWorklet"
      if (_WORKLET) {
          ^~~~~~~~
android\app\build\generated\assets\createBundleReleaseJsAndAssets\index.android.bundle:309286:12: warning: the variable "__reanimatedLoggerConfig" was not declared in function "replaceLoggerImplementation"
        ...__reanimatedLoggerConfig,
           ^~~~~~~~~~~~~~~~~~~~~~~~
android\app\build\generated\assets\createBundleReleaseJsAndAssets\index.android.bundle:309887:26: warning: Direct call to eval(), but lexical scope is not supported.
            workletFun = eval('(' + initData.code + '\n)');
                         ^~~~~~~~~~~~~~~~~~~~~~~~~~~~~~~~~
android\app\build\generated\assets\createBundleReleaseJsAndAssets\index.android.bundle:309910:112: warning: the variable "_toString" was not declared in function "valueUnpacker"
...recognized by value unpacker: "${_toString(objectToUnpack)}".`);
                                    ^~~~~~~~~
android\app\build\generated\assets\createBundleReleaseJsAndAssets\index.android.bundle:331338:5: warning: the variable "jest" was not declared in arrow function "beforeTest"
    jest.useFakeTimers();
    ^~~~
android\app\build\generated\assets\createBundleReleaseJsAndAssets\index.android.bundle:331914:26: warning: the variable "_getAnimationTimestamp" was not declared in function "computeEasingProgress"
      var elapsedTime = (_getAnimationTimestamp() - startingTimestamp) / 1000;
                         ^~~~~~~~~~~~~~~~~~~~~~
Note: Some input files use or override a deprecated API.
Note: Recompile with -Xlint:deprecation for details.
Note: C:\SopranoChat\node_modules\@livekit\react-native-webrtc\android\src\main\java\com\oney\WebRTCModule\StringUtils.java uses unchecked or unsafe operations.
Note: Recompile with -Xlint:unchecked for details.
C:\SopranoChat\node_modules\@react-native-async-storage\async-storage\android\src\main\java\com\reactnativecommunity\asyncstorage\AsyncStorageModule.java:84: warning: [removal] onCatalystInstanceDestroy() in NativeModule has been deprecated and marked for removal
  public void onCatalystInstanceDestroy() {
              ^
Note: Some input files use or override a deprecated API.
Note: Recompile with -Xlint:deprecation for details.
Note: C:\SopranoChat\node_modules\@react-native-async-storage\async-storage\android\src\javaPackage\java\com\reactnativecommunity\asyncstorage\AsyncStoragePackage.java uses unchecked or unsafe operations.
Note: Recompile with -Xlint:unchecked for details.
1 warning
Note: Some input files use or override a deprecated API.
Note: Recompile with -Xlint:deprecation for details.
Note: Some input files use or override a deprecated API.
Note: Recompile with -Xlint:deprecation for details.
Note: C:\SopranoChat\node_modules\@livekit\react-native\android\src\main\java\com\livekit\reactnative\audio\AudioSwitchManager.java uses or overrides a deprecated API.
Note: Recompile with -Xlint:deprecation for details.
Note: Some input files use or override a deprecated API.
Note: Recompile with -Xlint:deprecation for details.
Note: C:\SopranoChat\node_modules\@react-native-firebase\crashlytics\android\src\main\java\io\invertase\firebase\crashlytics\ReactNativeFirebaseCrashlyticsModule.java uses or overrides a deprecated API.
Note: Recompile with -Xlint:deprecation for details.
Note: Some input files use or override a deprecated API.
Note: Recompile with -Xlint:deprecation for details.
Note: Some input files use unchecked or unsafe operations.
Note: Recompile with -Xlint:unchecked for details.
Note: Some input files use or override a deprecated API.
Note: Recompile with -Xlint:deprecation for details.
Note: C:\SopranoChat\node_modules\@react-native-google-signin\google-signin\android\src\main\java\com\reactnativegooglesignin\RNGoogleSigninModule.java uses unchecked or unsafe operations.
Note: Recompile with -Xlint:unchecked for details.
C:\SopranoChat\node_modules\react-native-svg\android\src\main\java\com\horcrux\svg\RenderableViewManager.java:388: warning: [removal] processTransform(ReadableArray,double[]) in TransformHelper has been deprecated and marked for removal
    TransformHelper.processTransform(transforms, sTransformDecompositionArray);
                   ^
Note: Some input files use or override a deprecated API.
Note: Recompile with -Xlint:deprecation for details.
Note: Some input files use unchecked or unsafe operations.
Note: Recompile with -Xlint:unchecked for details.
1 warning
C:\SopranoChat\node_modules\react-native-purchases\android\src\main\java\com\revenuecat\purchases\react\RNPurchasesModule.java:70: warning: [removal] onCatalystInstanceDestroy() in NativeModule has been deprecated and marked for removal
    public void onCatalystInstanceDestroy() {
                ^
Note: C:\SopranoChat\node_modules\react-native-purchases\android\src\main\java\com\revenuecat\purchases\react\RNPurchasesModule.java uses or overrides a deprecated API.
Note: Recompile with -Xlint:deprecation for details.
Note: C:\SopranoChat\node_modules\react-native-purchases\android\src\main\java\com\revenuecat\purchases\react\RNPurchasesModule.java uses unchecked or unsafe operations.
Note: Recompile with -Xlint:unchecked for details.
1 warning
Note: C:\SopranoChat\node_modules\react-native-safe-area-context\android\src\paper\java\com\th3rdwave\safeareacontext\NativeSafeAreaContextSpec.java uses or overrides a deprecated API.
Note: Recompile with -Xlint:deprecation for details.
Note: Some input files use or override a deprecated API.
Note: Recompile with -Xlint:deprecation for details.
Note: Some input files use unchecked or unsafe operations.
Note: Recompile with -Xlint:unchecked for details.
Note: Some input files use or override a deprecated API.
Note: Recompile with -Xlint:deprecation for details.
Note: C:\SopranoChat\node_modules\react-native-gesture-handler\android\paper\src\main\java\com\swmansion\gesturehandler\NativeRNGestureHandlerModuleSpec.java uses or overrides a deprecated API.
Note: Recompile with -Xlint:deprecation for details.
Note: C:\SopranoChat\node_modules\react-native-screens\android\src\paper\java\com\swmansion\rnscreens\NativeScreensModuleSpec.java uses or overrides a deprecated API.
Note: Recompile with -Xlint:deprecation for details.
Note: Some input files use or override a deprecated API.
Note: Recompile with -Xlint:deprecation for details.
Note: Some input files use unchecked or unsafe operations.
Note: Recompile with -Xlint:unchecked for details.
Note: Some input files use or override a deprecated API.
Note: Recompile with -Xlint:deprecation for details.
Note: C:\SopranoChat\node_modules\expo-notifications\android\src\main\java\expo\modules\notifications\notifications\model\NotificationCategory.java uses unchecked or unsafe operations.
Note: Recompile with -Xlint:unchecked for details.
