Starting project at C:\SopranoChat
Starting Metro Bundler
warning: Bundler cache is empty, rebuilding (this may take a minute)
Waiting on http://localhost:8081
Logs for your project will appear below.
Android Bundled 18861ms C:\SopranoChat\index.ts (2692 modules)
 INFO  
[7m [1m💡 JavaScript logs will be removed from Metro in React Native 0.77![22m Please use React Native DevTools as your default tool. Tip: Type [1mj[22m in the terminal to open (requires Google Chrome or Microsoft Edge).[27m
 LOG  [RootLayout] Hazırlık süreci başlatıldı...
 LOG  [RootLayout] Firebase auth listener başlatılıyor...
 LOG  [RootLayout] Firebase auth state: LOGGED_OUT
 LOG  [Analytics] userId: (cleared)
 LOG  [LiveKit] DISCONNECT ÇAĞRILDI
 LOG  [LiveKit] Stack:     at ?anon_0_ (http://10.0.2.2:8081/index.bundle//&platform=android&dev=true&lazy=true&minify=false&app=com.sopranochat&modulesOnly=false&runModule=true&excludeSource=true&sourcePaths=url-server&transform.routerRoot=app&transform.engine=hermes&transform.bytecode=1&unstable_transformProfile=hermes-stable:406128:54)
    at next (native)
    at asyncGeneratorStep (http://10.0.2.2:8081/index.bundle//&platform=android&dev=true&lazy=true&minify=false&app=com.sopranochat&modulesOnly=false&runModule=true&excludeSource=true&sourcePaths=url-server&transform.routerRoot=app&transform.engine=hermes&transform.bytecode=1&unstable_transformProfile=hermes-stable:5541:19)
    at _next (http://10.0.2.2:8081/index.bundle//&platform=android&dev=true&lazy=true&minify=false&app=com.sopranochat&modulesOnly=false&runModule=true&excludeSource=true&sourcePaths=url-server&transform.routerRoot=app&transform.engine=hermes&transform.bytecode=1&unstable_transformProfile=hermes-stable:5555:29)
 LOG  [LiveKit] AudioSession modülü hazır
 LOG  [LiveKit] registerGlobals başarılı
 LOG  [LiveKit] Client lazily loaded
Android Bundled 432ms C:\SopranoChat\services\livekit.ts (869 modules)
 LOG  [RootLayout] Firebase auth state: LOGGED_IN
 LOG  [RootLayout] Firebase user ready, accessToken factory aktif.
 LOG  [Analytics] userId: dv9zOs9wgYUBVUnLeilzgpJNoZ53
 LOG  [Analytics] login_success 
 LOG  [DMNotif] dm:user:dv9zOs9wgYUBVUnLeilzgpJNoZ53 → SUBSCRIBED
 LOG  [SPSync] channel status: SUBSCRIBED 
 LOG  [GiftRT] channel status: SUBSCRIBED for user dv9zOs9wgYUBVUnLeilzgpJNoZ53 
 LOG  [CallService] Call signal kanal durumu: SUBSCRIBED (user: dv9zOs9w) 
 LOG  [BoostCleanup] ok {"profile_boosts_cleaned": 0, "room_boosts_cleaned": 0}
 LOG  [Session] Conflict kanalı: SUBSCRIBED
 LOG  [DEV] Emülatör algılandı — push token denenecek.
 LOG  [SPSync] Bakiye güncellendi: 14967166 SP
 LOG  [SPSync] Bakiye güncellendi: 14967166 SP
 WARN  Bildirim izni daha önce reddedildi. Ayarlardan açılmalı.
 LOG  [SPSync] Bakiye güncellendi: 14967166 SP
 LOG  [RevenueCat] SDK başlatıldı
Android Bundled 312ms C:\SopranoChat\constants\supabase.ts (526 modules)
 LOG  [Layout] App ön plana geldi — call signal kanalı yeniden bağlanıyor
 LOG  [CallService] Manuel reconnect tetiklendi
 LOG  [CallService] Call signal kanal durumu: CLOSED (user: dv9zOs9w) 
 LOG  [DEV] Emülatör algılandı — push token denenecek.
 LOG  [CallService] Call signal kanal durumu: SUBSCRIBED (user: dv9zOs9w) 
 LOG  [SPSync] Bakiye güncellendi: 14967166 SP
 LOG  [Push] FCM v1 migration: eski token kaydı silindi.
 LOG  [Permissions] Tüm izinler (kamera, mikrofon, bildirim) istendi
Android Bundled 133ms C:\SopranoChat\index.ts (1 module)
 INFO  
[7m [1m💡 JavaScript logs will be removed from Metro in React Native 0.77![22m Please use React Native DevTools as your default tool. Tip: Type [1mj[22m in the terminal to open (requires Google Chrome or Microsoft Edge).[27m
 LOG  [RootLayout] Hazırlık süreci başlatıldı...
 LOG  [RootLayout] Firebase auth listener başlatılıyor...
Android Bundled 34ms C:\SopranoChat\services\livekit.ts (1 module)
 LOG  [RootLayout] Firebase auth state: LOGGED_IN
 LOG  [RootLayout] Firebase user ready, accessToken factory aktif.
 LOG  [Analytics] userId: dv9zOs9wgYUBVUnLeilzgpJNoZ53
 LOG  [Analytics] login_success 
 LOG  [SPSync] channel status: SUBSCRIBED 
 LOG  [GiftRT] channel status: SUBSCRIBED for user dv9zOs9wgYUBVUnLeilzgpJNoZ53 
 LOG  [CallService] Call signal kanal durumu: SUBSCRIBED (user: dv9zOs9w) 
 LOG  [DEV] Emülatör algılandı — push token denenecek.
 LOG  [SPSync] Bakiye güncellendi: 14967166 SP
 LOG  [RevenueCat] SDK başlatıldı
Android Bundled 32ms C:\SopranoChat\constants\supabase.ts (1 module)
 LOG  [DMNotif] dm:user:dv9zOs9wgYUBVUnLeilzgpJNoZ53 → SUBSCRIBED
 LOG  [SPSync] Bakiye güncellendi: 14967166 SP
 LOG  [Session] Conflict kanalı: SUBSCRIBED
 LOG  [Typing] typing_dv9zOs9wgYUBVUnLeilzgpJNoZ53 → SUBSCRIBED
Android Bundled 137ms C:\SopranoChat\index.ts (1 module)
 INFO  
[7m [1m💡 JavaScript logs will be removed from Metro in React Native 0.77![22m Please use React Native DevTools as your default tool. Tip: Type [1mj[22m in the terminal to open (requires Google Chrome or Microsoft Edge).[27m
 LOG  [RootLayout] Hazırlık süreci başlatıldı...
 LOG  [RootLayout] Firebase auth listener başlatılıyor...
Android Bundled 35ms C:\SopranoChat\services\livekit.ts (1 module)
 LOG  [RootLayout] Firebase auth state: LOGGED_IN
 LOG  [RootLayout] Firebase user ready, accessToken factory aktif.
 LOG  [Analytics] userId: dv9zOs9wgYUBVUnLeilzgpJNoZ53
 LOG  [Analytics] login_success 
 LOG  [SPSync] channel status: SUBSCRIBED 
 LOG  [GiftRT] channel status: SUBSCRIBED for user dv9zOs9wgYUBVUnLeilzgpJNoZ53 
 LOG  [CallService] Call signal kanal durumu: SUBSCRIBED (user: dv9zOs9w) 
 LOG  [DMNotif] dm:user:dv9zOs9wgYUBVUnLeilzgpJNoZ53 → SUBSCRIBED
 LOG  [Session] Conflict kanalı: SUBSCRIBED
 LOG  [DEV] Emülatör algılandı — push token denenecek.
 LOG  [SPSync] Bakiye güncellendi: 14967166 SP
 LOG  [SPSync] Bakiye güncellendi: 14967166 SP
Android Bundled 32ms C:\SopranoChat\constants\supabase.ts (1 module)
 LOG  [RevenueCat] SDK başlatıldı
 LOG  [SPSync] Bakiye güncellendi: 14967166 SP
 WARN  [Session] Takeover algılandı, başka cihaz aktif: 199760f2-7e9f-4ad4-b6bd-9e94aebdaf40
 LOG  [SPSync] Bakiye güncellendi: 14967166 SP
 WARN  [Session] Takeover algılandı, başka cihaz aktif: 199760f2-7e9f-4ad4-b6bd-9e94aebdaf40
 LOG  [SPSync] Bakiye güncellendi: 14967166 SP
 WARN  [Session] Takeover algılandı, başka cihaz aktif: 199760f2-7e9f-4ad4-b6bd-9e94aebdaf40
 LOG  [SPSync] Bakiye güncellendi: 14967172 SP
 WARN  [Session] Takeover algılandı, başka cihaz aktif: 199760f2-7e9f-4ad4-b6bd-9e94aebdaf40
 LOG  [SPSync] Bakiye güncellendi: 14967172 SP
 LOG  [SPSync] Bakiye güncellendi: 14967172 SP
 LOG  [SPSync] Bakiye güncellendi: 14967172 SP
Android Bundled 796ms C:\SopranoChat\services\blocklist.ts (639 modules)
Android Bundled 497ms C:\SopranoChat\services\store.ts (585 modules)
 LOG  [Typing] typing_dv9zOs9wgYUBVUnLeilzgpJNoZ53 → SUBSCRIBED
 LOG  [RootLayout] Firebase auth state: LOGGED_OUT
 LOG  [LiveKit] DISCONNECT ÇAĞRILDI
 LOG  [LiveKit] Stack:     at ?anon_0_ (http://10.0.2.2:8081/index.bundle//&platform=android&dev=true&lazy=true&minify=false&app=com.sopranochat&modulesOnly=false&runModule=true&excludeSource=true&sourcePaths=url-server&transform.routerRoot=app&transform.engine=hermes&transform.bytecode=1&unstable_transformProfile=hermes-stable:406128:54)
    at next (native)
    at asyncGeneratorStep (http://10.0.2.2:8081/index.bundle//&platform=android&dev=true&lazy=true&minify=false&app=com.sopranochat&modulesOnly=false&runModule=true&excludeSource=true&sourcePaths=url-server&transform.routerRoot=app&transform.engine=hermes&transform.bytecode=1&unstable_transformProfile=hermes-stable:5541:19)
    at _next (http://10.0.2.2:8081/index.bundle//&platform=android&dev=true&lazy=true&minify=false&app=com.sopranochat&modulesOnly=false&runModule=true&excludeSource=true&sourcePaths=url-server&transform.routerRoot=app&transform.engine=hermes&transform.bytecode=1&unstable_transformProfile=hermes-stable:5555:29)
 LOG  [Typing] typing_dv9zOs9wgYUBVUnLeilzgpJNoZ53 → CLOSED
 LOG  [Typing] typing_dv9zOs9wgYUBVUnLeilzgpJNoZ53 → CLOSED
 LOG  [LiveKit] AudioSession modülü hazır
 LOG  [LiveKit] registerGlobals başarılı
 LOG  [LiveKit] Client lazily loaded
 LOG  [Session] Conflict kanalı: CLOSED
 LOG  [DMNotif] dm:user:dv9zOs9wgYUBVUnLeilzgpJNoZ53 → CLOSED
 LOG  [SPSync] channel status: CLOSED 
 LOG  [GiftRT] channel status: CLOSED for user dv9zOs9wgYUBVUnLeilzgpJNoZ53 
 LOG  [Analytics] userId: (cleared)
 LOG  [LiveKit] DISCONNECT ÇAĞRILDI
 LOG  [LiveKit] Stack:     at ?anon_0_ (http://10.0.2.2:8081/index.bundle//&platform=android&dev=true&lazy=true&minify=false&app=com.sopranochat&modulesOnly=false&runModule=true&excludeSource=true&sourcePaths=url-server&transform.routerRoot=app&transform.engine=hermes&transform.bytecode=1&unstable_transformProfile=hermes-stable:406128:54)
    at next (native)
    at asyncGeneratorStep (http://10.0.2.2:8081/index.bundle//&platform=android&dev=true&lazy=true&minify=false&app=com.sopranochat&modulesOnly=false&runModule=true&excludeSource=true&sourcePaths=url-server&transform.routerRoot=app&transform.engine=hermes&transform.bytecode=1&unstable_transformProfile=hermes-stable:5541:19)
    at _next (http://10.0.2.2:8081/index.bundle//&platform=android&dev=true&lazy=true&minify=false&app=com.sopranochat&modulesOnly=false&runModule=true&excludeSource=true&sourcePaths=url-server&transform.routerRoot=app&transform.engine=hermes&transform.bytecode=1&unstable_transformProfile=hermes-stable:5555:29)
 LOG  [LiveKit] AudioSession durduruldu
 LOG  [RootLayout] Firebase auth state: LOGGED_IN
 LOG  [RootLayout] Firebase user ready, accessToken factory aktif.
 LOG  [CallService] Call signal kanal durumu: CLOSED (user: dv9zOs9w) 
 LOG  [Analytics] userId: I8feZfsmpDO0M0HvbCtWEBot5Jp2
 LOG  [Analytics] login_success 
 LOG  [DMNotif] dm:user:I8feZfsmpDO0M0HvbCtWEBot5Jp2 → SUBSCRIBED
 LOG  [SPSync] channel status: SUBSCRIBED 
 LOG  [GiftRT] channel status: SUBSCRIBED for user I8feZfsmpDO0M0HvbCtWEBot5Jp2 
 LOG  [CallService] Call signal kanal durumu: SUBSCRIBED (user: I8feZfsm) 
 LOG  [Session] Conflict kanalı: SUBSCRIBED
 LOG  [SPSync] Bakiye güncellendi: 287 SP
 LOG  [SPSync] Bakiye güncellendi: 287 SP
 LOG  [DEV] Emülatör algılandı — push token denenecek.
 LOG  [SPSync] Bakiye güncellendi: 290 SP
 LOG  [SPSync] Bakiye güncellendi: 290 SP
Android Bundled 177ms C:\SopranoChat\index.ts (1 module)
Android Bundled 218ms C:\SopranoChat\index.ts (1 module)
Android Bundled 316ms C:\SopranoChat\index.ts (1 module)
Android Bundled 198ms C:\SopranoChat\index.ts (1 module)
Android Bundled 188ms C:\SopranoChat\index.ts (1 module)
Android Bundled 192ms C:\SopranoChat\index.ts (1 module)
 INFO  
[7m [1m💡 JavaScript logs will be removed from Metro in React Native 0.77![22m Please use React Native DevTools as your default tool. Tip: Type [1mj[22m in the terminal to open (requires Google Chrome or Microsoft Edge).[27m
 LOG  [RootLayout] Hazırlık süreci başlatıldı...
 LOG  [RootLayout] Firebase auth listener başlatılıyor...
Android Bundled 64ms C:\SopranoChat\services\livekit.ts (1 module)
 LOG  [RootLayout] Firebase auth state: LOGGED_IN
 LOG  [RootLayout] Firebase user ready, accessToken factory aktif.
 LOG  [Analytics] userId: I8feZfsmpDO0M0HvbCtWEBot5Jp2
 LOG  [Analytics] login_success 
 LOG  [SPSync] channel status: SUBSCRIBED 
 LOG  [GiftRT] channel status: SUBSCRIBED for user I8feZfsmpDO0M0HvbCtWEBot5Jp2 
 LOG  [CallService] Call signal kanal durumu: SUBSCRIBED (user: I8feZfsm) 
 LOG  [DEV] Emülatör algılandı — push token denenecek.
 INFO  [RevenueCat] Purchases instance already set with the same configuration. Ignoring duplicate call.
 LOG  [SPSync] Bakiye güncellendi: 290 SP
 LOG  [RevenueCat] SDK başlatıldı
Android Bundled 49ms C:\SopranoChat\constants\supabase.ts (1 module)
 LOG  [DMNotif] dm:user:I8feZfsmpDO0M0HvbCtWEBot5Jp2 → SUBSCRIBED
 LOG  [SPSync] Bakiye güncellendi: 290 SP
 LOG  [Session] Conflict kanalı: SUBSCRIBED
Android Bundled 217ms C:\SopranoChat\index.ts (1 module)
Android Bundled 348ms C:\SopranoChat\index.ts (1 module)
Android Bundled 52ms C:\SopranoChat\services\store.ts (1 module)
 INFO  
[7m [1m💡 JavaScript logs will be removed from Metro in React Native 0.77![22m Please use React Native DevTools as your default tool. Tip: Type [1mj[22m in the terminal to open (requires Google Chrome or Microsoft Edge).[27m
 LOG  [RootLayout] Hazırlık süreci başlatıldı...
 LOG  [RootLayout] Firebase auth listener başlatılıyor...
Android Bundled 48ms C:\SopranoChat\services\livekit.ts (1 module)
 LOG  [RootLayout] Firebase auth state: LOGGED_IN
 LOG  [RootLayout] Firebase user ready, accessToken factory aktif.
 LOG  [Analytics] userId: I8feZfsmpDO0M0HvbCtWEBot5Jp2
 LOG  [Analytics] login_success 
 LOG  [SPSync] channel status: SUBSCRIBED 
 LOG  [GiftRT] channel status: SUBSCRIBED for user I8feZfsmpDO0M0HvbCtWEBot5Jp2 
 LOG  [CallService] Call signal kanal durumu: SUBSCRIBED (user: I8feZfsm) 
 LOG  [SPSync] Bakiye güncellendi: 290 SP
 LOG  [DMNotif] dm:user:I8feZfsmpDO0M0HvbCtWEBot5Jp2 → SUBSCRIBED
 LOG  [DEV] Emülatör algılandı — push token denenecek.
 LOG  [Session] Conflict kanalı: SUBSCRIBED
 INFO  [RevenueCat] Purchases instance already set with the same configuration. Ignoring duplicate call.
Android Bundled 37ms C:\SopranoChat\constants\supabase.ts (1 module)
 LOG  [SPSync] Bakiye güncellendi: 290 SP
 LOG  [RevenueCat] SDK başlatıldı
Android Bundled 133ms C:\SopranoChat\index.ts (1 module)
 INFO  
[7m [1m💡 JavaScript logs will be removed from Metro in React Native 0.77![22m Please use React Native DevTools as your default tool. Tip: Type [1mj[22m in the terminal to open (requires Google Chrome or Microsoft Edge).[27m
 LOG  [RootLayout] Hazırlık süreci başlatıldı...
 LOG  [RootLayout] Firebase auth listener başlatılıyor...
Android Bundled 45ms C:\SopranoChat\services\livekit.ts (1 module)
 LOG  [RootLayout] Firebase auth state: LOGGED_IN
 LOG  [RootLayout] Firebase user ready, accessToken factory aktif.
 LOG  [Analytics] userId: I8feZfsmpDO0M0HvbCtWEBot5Jp2
 LOG  [Analytics] login_success 
 LOG  [SPSync] channel status: SUBSCRIBED 
 LOG  [GiftRT] channel status: SUBSCRIBED for user I8feZfsmpDO0M0HvbCtWEBot5Jp2 
 LOG  [CallService] Call signal kanal durumu: SUBSCRIBED (user: I8feZfsm) 
 LOG  [DEV] Emülatör algılandı — push token denenecek.
 LOG  [RevenueCat] SDK başlatıldı
Android Bundled 26ms C:\SopranoChat\constants\supabase.ts (1 module)
 LOG  [DMNotif] dm:user:I8feZfsmpDO0M0HvbCtWEBot5Jp2 → SUBSCRIBED
 LOG  [SPSync] Bakiye güncellendi: 290 SP
 LOG  [Session] Conflict kanalı: SUBSCRIBED
 LOG  [SPSync] channel status: CLOSED 
 LOG  [GiftRT] channel status: CLOSED for user I8feZfsmpDO0M0HvbCtWEBot5Jp2 
 LOG  [DMNotif] dm:user:I8feZfsmpDO0M0HvbCtWEBot5Jp2 → CLOSED
 LOG  [Session] Conflict kanalı: CLOSED
 LOG  [RootLayout] Hazırlık süreci başlatıldı...
 LOG  [RootLayout] Firebase auth listener başlatılıyor...
 LOG  [RootLayout] Firebase auth state: LOGGED_IN
 LOG  [RootLayout] Firebase user ready, accessToken factory aktif.
 LOG  [Analytics] userId: I8feZfsmpDO0M0HvbCtWEBot5Jp2
 LOG  [Analytics] login_success 
 LOG  [SPSync] channel status: SUBSCRIBED 
 LOG  [GiftRT] channel status: SUBSCRIBED for user I8feZfsmpDO0M0HvbCtWEBot5Jp2 
 LOG  [DMNotif] dm:user:I8feZfsmpDO0M0HvbCtWEBot5Jp2 → SUBSCRIBED
 LOG  [DEV] Emülatör algılandı — push token denenecek.
 INFO  [RevenueCat] Purchases instance already set with the same configuration. Ignoring duplicate call.
 LOG  [Session] Conflict kanalı: SUBSCRIBED
 LOG  [RevenueCat] SDK başlatıldı
 LOG  [SPSync] Bakiye güncellendi: 290 SP
 LOG  [SPSync] Bakiye güncellendi: 290 SP
Android Bundled 133ms C:\SopranoChat\index.ts (1 module)
 INFO  
[7m [1m💡 JavaScript logs will be removed from Metro in React Native 0.77![22m Please use React Native DevTools as your default tool. Tip: Type [1mj[22m in the terminal to open (requires Google Chrome or Microsoft Edge).[27m
 LOG  [RootLayout] Hazırlık süreci başlatıldı...
 LOG  [RootLayout] Firebase auth listener başlatılıyor...
Android Bundled 34ms C:\SopranoChat\services\livekit.ts (1 module)
 LOG  [RootLayout] Firebase auth state: LOGGED_IN
 LOG  [RootLayout] Firebase user ready, accessToken factory aktif.
 LOG  [Analytics] userId: I8feZfsmpDO0M0HvbCtWEBot5Jp2
 LOG  [Analytics] login_success 
 LOG  [SPSync] channel status: SUBSCRIBED 
 LOG  [GiftRT] channel status: SUBSCRIBED for user I8feZfsmpDO0M0HvbCtWEBot5Jp2 
 LOG  [CallService] Call signal kanal durumu: SUBSCRIBED (user: I8feZfsm) 
 LOG  [DEV] Emülatör algılandı — push token denenecek.
 LOG  [SPSync] Bakiye güncellendi: 290 SP
 LOG  [RevenueCat] SDK başlatıldı
 LOG  [DMNotif] dm:user:I8feZfsmpDO0M0HvbCtWEBot5Jp2 → SUBSCRIBED
Android Bundled 25ms C:\SopranoChat\constants\supabase.ts (1 module)
 LOG  [SPSync] Bakiye güncellendi: 290 SP
 LOG  [Session] Conflict kanalı: SUBSCRIBED
Android Bundled 31ms C:\SopranoChat\services\store.ts (1 module)
 WARN  [Account] Firebase delete error (may need re-auth): Firebase: Error (auth/requires-recent-login).
 LOG  [RootLayout] Firebase auth state: LOGGED_OUT
 LOG  [LiveKit] DISCONNECT ÇAĞRILDI
 LOG  [LiveKit] Stack:     at ?anon_0_ (http://10.0.2.2:8081/index.bundle//&platform=android&dev=true&lazy=true&minify=false&app=com.sopranochat&modulesOnly=false&runModule=true&excludeSource=true&sourcePaths=url-server&transform.routerRoot=app&transform.engine=hermes&transform.bytecode=1&unstable_transformProfile=hermes-stable:405582:54)
    at next (native)
    at asyncGeneratorStep (http://10.0.2.2:8081/index.bundle//&platform=android&dev=true&lazy=true&minify=false&app=com.sopranochat&modulesOnly=false&runModule=true&excludeSource=true&sourcePaths=url-server&transform.routerRoot=app&transform.engine=hermes&transform.bytecode=1&unstable_transformProfile=hermes-stable:5541:19)
    at _next (http://10.0.2.2:8081/index.bundle//&platform=android&dev=true&lazy=true&minify=false&app=com.sopranochat&modulesOnly=false&runModule=true&excludeSource=true&sourcePaths=url-server&transform.routerRoot=app&transform.engine=hermes&transform.bytecode=1&unstable_transformProfile=hermes-stable:5555:29)
 LOG  [LiveKit] AudioSession modülü hazır
 LOG  [LiveKit] registerGlobals başarılı
 LOG  [LiveKit] Client lazily loaded
 LOG  [Session] Conflict kanalı: CLOSED
 LOG  [DMNotif] dm:user:I8feZfsmpDO0M0HvbCtWEBot5Jp2 → CLOSED
 LOG  [SPSync] channel status: CLOSED 
 LOG  [GiftRT] channel status: CLOSED for user I8feZfsmpDO0M0HvbCtWEBot5Jp2 
 LOG  [Analytics] userId: (cleared)
 LOG  [LiveKit] DISCONNECT ÇAĞRILDI
 LOG  [LiveKit] Stack:     at ?anon_0_ (http://10.0.2.2:8081/index.bundle//&platform=android&dev=true&lazy=true&minify=false&app=com.sopranochat&modulesOnly=false&runModule=true&excludeSource=true&sourcePaths=url-server&transform.routerRoot=app&transform.engine=hermes&transform.bytecode=1&unstable_transformProfile=hermes-stable:405582:54)
    at next (native)
    at asyncGeneratorStep (http://10.0.2.2:8081/index.bundle//&platform=android&dev=true&lazy=true&minify=false&app=com.sopranochat&modulesOnly=false&runModule=true&excludeSource=true&sourcePaths=url-server&transform.routerRoot=app&transform.engine=hermes&transform.bytecode=1&unstable_transformProfile=hermes-stable:5541:19)
    at _next (http://10.0.2.2:8081/index.bundle//&platform=android&dev=true&lazy=true&minify=false&app=com.sopranochat&modulesOnly=false&runModule=true&excludeSource=true&sourcePaths=url-server&transform.routerRoot=app&transform.engine=hermes&transform.bytecode=1&unstable_transformProfile=hermes-stable:5555:29)
 LOG  [LiveKit] AudioSession durduruldu
 LOG  [RootLayout] Firebase auth state: LOGGED_IN
 LOG  [RootLayout] Firebase user ready, accessToken factory aktif.
 LOG  [Analytics] userId: I8feZfsmpDO0M0HvbCtWEBot5Jp2
 LOG  [Analytics] login_success 
 LOG  [DMNotif] dm:user:I8feZfsmpDO0M0HvbCtWEBot5Jp2 → SUBSCRIBED
 LOG  [SPSync] channel status: SUBSCRIBED 
 LOG  [GiftRT] channel status: SUBSCRIBED for user I8feZfsmpDO0M0HvbCtWEBot5Jp2 
 LOG  [DEV] Emülatör algılandı — push token denenecek.
 LOG  [Session] Conflict kanalı: SUBSCRIBED
 WARN  Push token kayıt hatası: insert or update on table "push_tokens" violates foreign key constraint "push_tokens_user_id_fkey"
 LOG  [SPSync] Bakiye güncellendi: 0 SP
 LOG  [SPSync] Bakiye güncellendi: 0 SP
 LOG  [SPSync] Bakiye güncellendi: 0 SP
 LOG  [Analytics] signup_completed 
 LOG  [Analytics] property: signup_date = 2026-05-16
 LOG  [Analytics] property: tier = Free
 LOG  [Analytics] property: age_range = 25_34
 LOG  [SPSync] Bakiye güncellendi: 0 SP
 LOG  [WelcomeBonus] error
 LOG  [SPSync] Bakiye güncellendi: 0 SP
 LOG  [SPSync] Bakiye güncellendi: 0 SP
 LOG  [SPSync] channel status: CLOSED 
 LOG  [GiftRT] channel status: CLOSED for user I8feZfsmpDO0M0HvbCtWEBot5Jp2 
 LOG  [DMNotif] dm:user:I8feZfsmpDO0M0HvbCtWEBot5Jp2 → CLOSED
 LOG  [Session] Conflict kanalı: CLOSED
 LOG  [RootLayout] Hazırlık süreci başlatıldı...
 LOG  [RootLayout] Firebase auth listener başlatılıyor...
 LOG  [RootLayout] Firebase auth state: LOGGED_IN
 LOG  [RootLayout] Firebase user ready, accessToken factory aktif.
 LOG  [Analytics] userId: I8feZfsmpDO0M0HvbCtWEBot5Jp2
 LOG  [Analytics] login_success 
 LOG  [SPSync] channel status: SUBSCRIBED 
 LOG  [GiftRT] channel status: SUBSCRIBED for user I8feZfsmpDO0M0HvbCtWEBot5Jp2 
 LOG  [DMNotif] dm:user:I8feZfsmpDO0M0HvbCtWEBot5Jp2 → SUBSCRIBED
 LOG  [DEV] Emülatör algılandı — push token denenecek.
 LOG  [SPSync] Bakiye güncellendi: 0 SP
 LOG  [SPSync] Bakiye güncellendi: 0 SP
 LOG  [Session] Conflict kanalı: SUBSCRIBED
 INFO  [RevenueCat] Purchases instance already set with the same configuration. Ignoring duplicate call.
 LOG  [RevenueCat] SDK başlatıldı
 LOG  [SPSync] Bakiye güncellendi: 3 SP
 LOG  [SPSync] Bakiye güncellendi: 3 SP
 LOG  [Broadcast] emoji:5d8408db-7264-46de-96aa-4d67d1ee2ead → SUBSCRIBED
 LOG  [Broadcast] mic_req:5d8408db-7264-46de-96aa-4d67d1ee2ead → SUBSCRIBED
 LOG  [Broadcast] mod_action:5d8408db-7264-46de-96aa-4d67d1ee2ead → SUBSCRIBED
 LOG  [Realtime] room:5d8408db-7264-46de-96aa-4d67d1ee2ead status → SUBSCRIBED 
 LOG  [Realtime] room_status:5d8408db-7264-46de-96aa-4d67d1ee2ead status → SUBSCRIBED
 LOG  [cleanupFrozenRooms] Deleted: 0, Reset: 0
 LOG  [LiveKit] AudioSession başlatıldı
Android Bundled 36ms C:\SopranoChat\utils\fetchTimeout.ts (1 module)
 LOG  [LiveKit] Token alındı — roomId=5d8408db-7264-46de-96aa-4d67d1ee2ead, role=owner
 LOG  [LiveKit] Bağlantı başarılı (deneme 1/3)
Android Bundled 174ms C:\SopranoChat\index.ts (1 module)
Android Bundled 351ms C:\SopranoChat\index.ts (1 module)
Android Bundled 185ms C:\SopranoChat\index.ts (1 module)
Android Bundled 179ms C:\SopranoChat\index.ts (1 module)
Android Bundled 244ms C:\SopranoChat\index.ts (1 module)
Android Bundled 339ms C:\SopranoChat\index.ts (1 module)
 INFO  
[7m [1m💡 JavaScript logs will be removed from Metro in React Native 0.77![22m Please use React Native DevTools as your default tool. Tip: Type [1mj[22m in the terminal to open (requires Google Chrome or Microsoft Edge).[27m
 LOG  [RootLayout] Hazırlık süreci başlatıldı...
 LOG  [RootLayout] Firebase auth listener başlatılıyor...
Android Bundled 80ms C:\SopranoChat\services\livekit.ts (1 module)
 LOG  [RootLayout] Firebase auth state: LOGGED_IN
 LOG  [RootLayout] Firebase user ready, accessToken factory aktif.
 LOG  [Analytics] userId: I8feZfsmpDO0M0HvbCtWEBot5Jp2
 LOG  [Analytics] login_success 
 LOG  [SPSync] channel status: SUBSCRIBED 
 LOG  [GiftRT] channel status: SUBSCRIBED for user I8feZfsmpDO0M0HvbCtWEBot5Jp2 
 LOG  [CallService] Call signal kanal durumu: SUBSCRIBED (user: I8feZfsm) 
 LOG  [DEV] Emülatör algılandı — push token denenecek.
 INFO  [RevenueCat] Purchases instance already set with the same configuration. Ignoring duplicate call.
 LOG  [SPSync] Bakiye güncellendi: 6 SP
Android Bundled 39ms C:\SopranoChat\constants\supabase.ts (1 module)
 LOG  [SPSync] Bakiye güncellendi: 6 SP
 LOG  [RevenueCat] SDK başlatıldı
 LOG  [DMNotif] dm:user:I8feZfsmpDO0M0HvbCtWEBot5Jp2 → SUBSCRIBED
 LOG  [SPSync] Bakiye güncellendi: 6 SP
 LOG  [Session] Conflict kanalı: SUBSCRIBED
 LOG  [Broadcast] emoji:5d8408db-7264-46de-96aa-4d67d1ee2ead → SUBSCRIBED
 LOG  [Broadcast] mic_req:5d8408db-7264-46de-96aa-4d67d1ee2ead → SUBSCRIBED
 LOG  [Broadcast] mod_action:5d8408db-7264-46de-96aa-4d67d1ee2ead → SUBSCRIBED
 LOG  [Realtime] room:5d8408db-7264-46de-96aa-4d67d1ee2ead status → SUBSCRIBED 
 LOG  [Realtime] room_status:5d8408db-7264-46de-96aa-4d67d1ee2ead status → SUBSCRIBED
 LOG  [LiveKit] AudioSession modülü hazır
 LOG  [LiveKit] registerGlobals başarılı
 LOG  [LiveKit] Client lazily loaded
 LOG  [cleanupFrozenRooms] Deleted: 0, Reset: 0
 LOG  [LiveKit] AudioSession başlatıldı
Android Bundled 2ms C:\SopranoChat\utils\fetchTimeout.ts (1 module)
 LOG  [LiveKit] DISCONNECT ÇAĞRILDI
 LOG  [LiveKit] Stack:     at ?anon_0_ (http://10.0.2.2:8081/index.bundle//&platform=android&dev=true&lazy=true&minify=false&app=com.sopranochat&modulesOnly=false&runModule=true&excludeSource=true&sourcePaths=url-server&transform.routerRoot=app&transform.engine=hermes&transform.bytecode=1&unstable_transformProfile=hermes-stable:406246:54)
    at next (native)
    at asyncGeneratorStep (http://10.0.2.2:8081/index.bundle//&platform=android&dev=true&lazy=true&minify=false&app=com.sopranochat&modulesOnly=false&runModule=true&excludeSource=true&sourcePaths=url-server&transform.routerRoot=app&transform.engine=hermes&transform.bytecode=1&unstable_transformProfile=hermes-stable:5541:19)
    at _next (http://10.0.2.2:8081/index.bundle//&platform=android&dev=true&lazy=true&minify=false&app=com.sopranochat&modulesOnly=false&runModule=true&excludeSource=true&sourcePaths=url-server&transform.routerRoot=app&transform.engine=hermes&transform.bytecode=1&unstable_transformProfile=hermes-stable:5555:29)
 LOG  [LiveKit] AudioSession durduruldu
 LOG  [useLiveKit] Otomatik reconnect planlandı (1/3), 3000ms sonra
 WARN  [LiveKit] Token fetch FAILED — status=403, error="Oda aktif değil.", roomId=5d8408db-7264-46de-96aa-4d67d1ee2ead, userId=I8feZfsmpDO0M0HvbCtWEBot5Jp2
 WARN  [LiveKit] Bağlantı Hatası (deneme 1/3): Oda aktif değil.
 LOG  [Broadcast] emoji:5d8408db-7264-46de-96aa-4d67d1ee2ead → CLOSED
 LOG  [Broadcast] mic_req:5d8408db-7264-46de-96aa-4d67d1ee2ead → CLOSED
 LOG  [Broadcast] mod_action:5d8408db-7264-46de-96aa-4d67d1ee2ead → CLOSED
 LOG  [Realtime] room:5d8408db-7264-46de-96aa-4d67d1ee2ead status → CLOSED 
 LOG  [Realtime] room_status:5d8408db-7264-46de-96aa-4d67d1ee2ead status → CLOSED
 LOG  [Room] CLEANUP — isMinimizing=false
 LOG  [LiveKit] DISCONNECT ÇAĞRILDI
 LOG  [LiveKit] Stack:     at ?anon_0_ (http://10.0.2.2:8081/index.bundle//&platform=android&dev=true&lazy=true&minify=false&app=com.sopranochat&modulesOnly=false&runModule=true&excludeSource=true&sourcePaths=url-server&transform.routerRoot=app&transform.engine=hermes&transform.bytecode=1&unstable_transformProfile=hermes-stable:406246:54)
    at next (native)
    at asyncGeneratorStep (http://10.0.2.2:8081/index.bundle//&platform=android&dev=true&lazy=true&minify=false&app=com.sopranochat&modulesOnly=false&runModule=true&excludeSource=true&sourcePaths=url-server&transform.routerRoot=app&transform.engine=hermes&transform.bytecode=1&unstable_transformProfile=hermes-stable:5541:19)
    at _next (http://10.0.2.2:8081/index.bundle//&platform=android&dev=true&lazy=true&minify=false&app=com.sopranochat&modulesOnly=false&runModule=true&excludeSource=true&sourcePaths=url-server&transform.routerRoot=app&transform.engine=hermes&transform.bytecode=1&unstable_transformProfile=hermes-stable:5555:29)
 LOG  [useLiveKit] UNMOUNT CLEANUP — shouldDisconnect=true
 LOG  [LiveKit] DISCONNECT ÇAĞRILDI
 LOG  [LiveKit] Stack:     at ?anon_0_ (http://10.0.2.2:8081/index.bundle//&platform=android&dev=true&lazy=true&minify=false&app=com.sopranochat&modulesOnly=false&runModule=true&excludeSource=true&sourcePaths=url-server&transform.routerRoot=app&transform.engine=hermes&transform.bytecode=1&unstable_transformProfile=hermes-stable:406246:54)
    at next (native)
    at asyncGeneratorStep (http://10.0.2.2:8081/index.bundle//&platform=android&dev=true&lazy=true&minify=false&app=com.sopranochat&modulesOnly=false&runModule=true&excludeSource=true&sourcePaths=url-server&transform.routerRoot=app&transform.engine=hermes&transform.bytecode=1&unstable_transformProfile=hermes-stable:5541:19)
    at _next (http://10.0.2.2:8081/index.bundle//&platform=android&dev=true&lazy=true&minify=false&app=com.sopranochat&modulesOnly=false&runModule=true&excludeSource=true&sourcePaths=url-server&transform.routerRoot=app&transform.engine=hermes&transform.bytecode=1&unstable_transformProfile=hermes-stable:5555:29)
 LOG  [LiveKit] AudioSession durduruldu
 LOG  [LiveKit] AudioSession durduruldu
 WARN  [LiveKit] Token fetch FAILED — status=403, error="Oda aktif değil.", roomId=5d8408db-7264-46de-96aa-4d67d1ee2ead, userId=I8feZfsmpDO0M0HvbCtWEBot5Jp2
 WARN  [LiveKit] Bağlantı Hatası (deneme 2/3): Oda aktif değil.
 WARN  [LiveKit] Token fetch FAILED — status=403, error="Oda aktif değil.", roomId=5d8408db-7264-46de-96aa-4d67d1ee2ead, userId=I8feZfsmpDO0M0HvbCtWEBot5Jp2
 WARN  [LiveKit] Bağlantı Hatası (deneme 3/3): Oda aktif değil.
 LOG  [SPSync] Bakiye güncellendi: 6 SP
 LOG  [Layout] App ön plana geldi — call signal kanalı yeniden bağlanıyor
 LOG  [CallService] Manuel reconnect tetiklendi
 LOG  [CallService] Call signal kanal durumu: CLOSED (user: I8feZfsm) 
 LOG  [CallService] Call signal kanal durumu: SUBSCRIBED (user: I8feZfsm) 
 LOG  [SPSync] Bakiye güncellendi: 6 SP
 LOG  [SPSync] Bakiye güncellendi: 6 SP
Android Bundled 291ms C:\SopranoChat\index.ts (1 module)
Android Bundled 337ms C:\SopranoChat\index.ts (1 module)
 INFO  
[7m [1m💡 JavaScript logs will be removed from Metro in React Native 0.77![22m Please use React Native DevTools as your default tool. Tip: Type [1mj[22m in the terminal to open (requires Google Chrome or Microsoft Edge).[27m
 LOG  [RootLayout] Hazırlık süreci başlatıldı...
 LOG  [RootLayout] Firebase auth listener başlatılıyor...
Android Bundled 51ms C:\SopranoChat\services\livekit.ts (1 module)
 LOG  [RootLayout] Firebase auth state: LOGGED_IN
 LOG  [RootLayout] Firebase user ready, accessToken factory aktif.
 LOG  [Analytics] userId: I8feZfsmpDO0M0HvbCtWEBot5Jp2
 LOG  [Analytics] login_success 
 LOG  [SPSync] channel status: SUBSCRIBED 
 LOG  [GiftRT] channel status: SUBSCRIBED for user I8feZfsmpDO0M0HvbCtWEBot5Jp2 
 LOG  [CallService] Call signal kanal durumu: SUBSCRIBED (user: I8feZfsm) 
 LOG  [DMNotif] dm:user:I8feZfsmpDO0M0HvbCtWEBot5Jp2 → SUBSCRIBED
 LOG  [Session] Conflict kanalı: SUBSCRIBED
 LOG  [SPSync] Bakiye güncellendi: 6 SP
 LOG  [SPSync] Bakiye güncellendi: 6 SP
 LOG  [DEV] Emülatör algılandı — push token denenecek.
 INFO  [RevenueCat] Purchases instance already set with the same configuration. Ignoring duplicate call.
Android Bundled 35ms C:\SopranoChat\constants\supabase.ts (1 module)
 LOG  [RevenueCat] SDK başlatıldı
Android Bundled 167ms C:\SopranoChat\index.ts (1 module)
 INFO  
[7m [1m💡 JavaScript logs will be removed from Metro in React Native 0.77![22m Please use React Native DevTools as your default tool. Tip: Type [1mj[22m in the terminal to open (requires Google Chrome or Microsoft Edge).[27m
 LOG  [RootLayout] Hazırlık süreci başlatıldı...
 LOG  [RootLayout] Firebase auth listener başlatılıyor...
Android Bundled 55ms C:\SopranoChat\services\livekit.ts (1 module)
 LOG  [RootLayout] Firebase auth state: LOGGED_IN
 LOG  [RootLayout] Firebase user ready, accessToken factory aktif.
 LOG  [Analytics] userId: I8feZfsmpDO0M0HvbCtWEBot5Jp2
 LOG  [Analytics] login_success 
 LOG  [SPSync] channel status: SUBSCRIBED 
 LOG  [GiftRT] channel status: SUBSCRIBED for user I8feZfsmpDO0M0HvbCtWEBot5Jp2 
 LOG  [CallService] Call signal kanal durumu: SUBSCRIBED (user: I8feZfsm) 
 LOG  [DMNotif] dm:user:I8feZfsmpDO0M0HvbCtWEBot5Jp2 → SUBSCRIBED
 LOG  [Session] Conflict kanalı: SUBSCRIBED
 LOG  [DEV] Emülatör algılandı — push token denenecek.
 LOG  [SPSync] Bakiye güncellendi: 6 SP
 LOG  [SPSync] Bakiye güncellendi: 6 SP
Android Bundled 41ms C:\SopranoChat\constants\supabase.ts (1 module)
 LOG  [RevenueCat] SDK başlatıldı
Android Bundled 58ms C:\SopranoChat\services\store.ts (1 module)
 WARN  [Account] Firebase delete error (may need re-auth): Firebase: Error (auth/requires-recent-login).
 LOG  [RootLayout] Firebase auth state: LOGGED_OUT
 LOG  [LiveKit] DISCONNECT ÇAĞRILDI
 LOG  [LiveKit] Stack:     at ?anon_0_ (http://10.0.2.2:8081/index.bundle//&platform=android&dev=true&lazy=true&minify=false&app=com.sopranochat&modulesOnly=false&runModule=true&excludeSource=true&sourcePaths=url-server&transform.routerRoot=app&transform.engine=hermes&transform.bytecode=1&unstable_transformProfile=hermes-stable:406249:54)
    at next (native)
    at asyncGeneratorStep (http://10.0.2.2:8081/index.bundle//&platform=android&dev=true&lazy=true&minify=false&app=com.sopranochat&modulesOnly=false&runModule=true&excludeSource=true&sourcePaths=url-server&transform.routerRoot=app&transform.engine=hermes&transform.bytecode=1&unstable_transformProfile=hermes-stable:5541:19)
    at _next (http://10.0.2.2:8081/index.bundle//&platform=android&dev=true&lazy=true&minify=false&app=com.sopranochat&modulesOnly=false&runModule=true&excludeSource=true&sourcePaths=url-server&transform.routerRoot=app&transform.engine=hermes&transform.bytecode=1&unstable_transformProfile=hermes-stable:5555:29)
 LOG  [LiveKit] AudioSession modülü hazır
 LOG  [LiveKit] registerGlobals başarılı
 LOG  [LiveKit] Client lazily loaded
 LOG  [Session] Conflict kanalı: CLOSED
 LOG  [DMNotif] dm:user:I8feZfsmpDO0M0HvbCtWEBot5Jp2 → CLOSED
 LOG  [SPSync] channel status: CLOSED 
 LOG  [GiftRT] channel status: CLOSED for user I8feZfsmpDO0M0HvbCtWEBot5Jp2 
 LOG  [Analytics] userId: (cleared)
 LOG  [LiveKit] DISCONNECT ÇAĞRILDI
 LOG  [LiveKit] Stack:     at ?anon_0_ (http://10.0.2.2:8081/index.bundle//&platform=android&dev=true&lazy=true&minify=false&app=com.sopranochat&modulesOnly=false&runModule=true&excludeSource=true&sourcePaths=url-server&transform.routerRoot=app&transform.engine=hermes&transform.bytecode=1&unstable_transformProfile=hermes-stable:406249:54)
    at next (native)
    at asyncGeneratorStep (http://10.0.2.2:8081/index.bundle//&platform=android&dev=true&lazy=true&minify=false&app=com.sopranochat&modulesOnly=false&runModule=true&excludeSource=true&sourcePaths=url-server&transform.routerRoot=app&transform.engine=hermes&transform.bytecode=1&unstable_transformProfile=hermes-stable:5541:19)
    at _next (http://10.0.2.2:8081/index.bundle//&platform=android&dev=true&lazy=true&minify=false&app=com.sopranochat&modulesOnly=false&runModule=true&excludeSource=true&sourcePaths=url-server&transform.routerRoot=app&transform.engine=hermes&transform.bytecode=1&unstable_transformProfile=hermes-stable:5555:29)
 LOG  [LiveKit] AudioSession durduruldu
 LOG  [RootLayout] Firebase auth state: LOGGED_IN
 LOG  [RootLayout] Firebase user ready, accessToken factory aktif.
 LOG  [Analytics] userId: I8feZfsmpDO0M0HvbCtWEBot5Jp2
 LOG  [Analytics] login_success 
 LOG  [DMNotif] dm:user:I8feZfsmpDO0M0HvbCtWEBot5Jp2 → SUBSCRIBED
 LOG  [SPSync] channel status: SUBSCRIBED 
 LOG  [GiftRT] channel status: SUBSCRIBED for user I8feZfsmpDO0M0HvbCtWEBot5Jp2 
 LOG  [DEV] Emülatör algılandı — push token denenecek.
 LOG  [Session] Conflict kanalı: SUBSCRIBED
 WARN  Push token kayıt hatası: insert or update on table "push_tokens" violates foreign key constraint "push_tokens_user_id_fkey"
 LOG  [SPSync] Bakiye güncellendi: 0 SP
 LOG  [SPSync] Bakiye güncellendi: 0 SP
 LOG  [Analytics] signup_completed 
 LOG  [Analytics] property: signup_date = 2026-05-16
 LOG  [Analytics] property: tier = Free
 LOG  [Analytics] property: age_range = 25_34
 LOG  [SPSync] Bakiye güncellendi: 0 SP
 LOG  [WelcomeBonus] error
 LOG  [SPSync] Bakiye güncellendi: 0 SP
 LOG  [SPSync] Bakiye güncellendi: 3 SP
 LOG  [SPSync] Bakiye güncellendi: 3 SP
 LOG  [Broadcast] emoji:c36d371e-fb13-4520-9bb5-4cad1a3c6606 → SUBSCRIBED
 LOG  [Broadcast] mic_req:c36d371e-fb13-4520-9bb5-4cad1a3c6606 → SUBSCRIBED
 LOG  [Broadcast] mod_action:c36d371e-fb13-4520-9bb5-4cad1a3c6606 → SUBSCRIBED
 LOG  [Realtime] room:c36d371e-fb13-4520-9bb5-4cad1a3c6606 status → SUBSCRIBED 
 LOG  [Realtime] room_status:c36d371e-fb13-4520-9bb5-4cad1a3c6606 status → SUBSCRIBED
 LOG  [cleanupFrozenRooms] Deleted: 0, Reset: 0
 LOG  [LiveKit] AudioSession başlatıldı
Android Bundled 2ms C:\SopranoChat\utils\fetchTimeout.ts (1 module)
 LOG  [LiveKit] Token alındı — roomId=c36d371e-fb13-4520-9bb5-4cad1a3c6606, role=owner
 LOG  [LiveKit] Bağlantı başarılı (deneme 1/3)
 LOG  [SPSync] Bakiye güncellendi: 3 SP
 LOG  [Layout] App ön plana geldi — call signal kanalı yeniden bağlanıyor
 LOG  [CallService] Manuel reconnect tetiklendi
 LOG  [CallService] Call signal kanal durumu: CLOSED (user: I8feZfsm) 
 LOG  [CallService] Call signal kanal durumu: SUBSCRIBED (user: I8feZfsm) 
 LOG  [SPSync] Bakiye güncellendi: 3 SP
 LOG  [SPSync] Bakiye güncellendi: 3 SP
Android Bundled 308ms C:\SopranoChat\index.ts (1 module)
Android Bundled 324ms C:\SopranoChat\index.ts (1 module)
Android Bundled 356ms C:\SopranoChat\index.ts (1 module)
Android Bundled 260ms C:\SopranoChat\index.ts (1 module)
Android Bundled 216ms C:\SopranoChat\index.ts (1 module)
Android Bundled 217ms C:\SopranoChat\index.ts (1 module)
Android Bundled 252ms C:\SopranoChat\index.ts (1 module)
 INFO  
[7m [1m💡 JavaScript logs will be removed from Metro in React Native 0.77![22m Please use React Native DevTools as your default tool. Tip: Type [1mj[22m in the terminal to open (requires Google Chrome or Microsoft Edge).[27m
 LOG  [RootLayout] Hazırlık süreci başlatıldı...
 LOG  [RootLayout] Firebase auth listener başlatılıyor...
Android Bundled 47ms C:\SopranoChat\services\livekit.ts (1 module)
 LOG  [RootLayout] Firebase auth state: LOGGED_IN
 LOG  [RootLayout] Firebase user ready, accessToken factory aktif.
 LOG  [Analytics] userId: I8feZfsmpDO0M0HvbCtWEBot5Jp2
 LOG  [Analytics] login_success 
 LOG  [SPSync] channel status: SUBSCRIBED 
 LOG  [GiftRT] channel status: SUBSCRIBED for user I8feZfsmpDO0M0HvbCtWEBot5Jp2 
 LOG  [CallService] Call signal kanal durumu: SUBSCRIBED (user: I8feZfsm) 
 LOG  [SPSync] Bakiye güncellendi: 3 SP
 LOG  [DEV] Emülatör algılandı — push token denenecek.
 LOG  [SPSync] Bakiye güncellendi: 6 SP
 LOG  [SPSync] Bakiye güncellendi: 6 SP
 LOG  [DMNotif] dm:user:I8feZfsmpDO0M0HvbCtWEBot5Jp2 → SUBSCRIBED
Android Bundled 34ms C:\SopranoChat\constants\supabase.ts (1 module)
 LOG  [RevenueCat] SDK başlatıldı
 LOG  [SPSync] Bakiye güncellendi: 6 SP
 LOG  [Session] Conflict kanalı: SUBSCRIBED
 LOG  [AutoClose] 5dk+ boş Free oda kapatıldı: c36d371e-fb13-4520-9bb5-4cad1a3c6606
 LOG  [Home] AutoClose: 1 Free oda kapatıldı
Android Bundled 41ms C:\SopranoChat\services\store.ts (1 module)
 WARN  [Account] Firebase delete error (may need re-auth): Firebase: Error (auth/requires-recent-login).
 LOG  [RootLayout] Firebase auth state: LOGGED_OUT
 LOG  [LiveKit] DISCONNECT ÇAĞRILDI
 LOG  [LiveKit] Stack:     at ?anon_0_ (http://10.0.2.2:8081/index.bundle//&platform=android&dev=true&lazy=true&minify=false&app=com.sopranochat&modulesOnly=false&runModule=true&excludeSource=true&sourcePaths=url-server&transform.routerRoot=app&transform.engine=hermes&transform.bytecode=1&unstable_transformProfile=hermes-stable:405754:54)
    at next (native)
    at asyncGeneratorStep (http://10.0.2.2:8081/index.bundle//&platform=android&dev=true&lazy=true&minify=false&app=com.sopranochat&modulesOnly=false&runModule=true&excludeSource=true&sourcePaths=url-server&transform.routerRoot=app&transform.engine=hermes&transform.bytecode=1&unstable_transformProfile=hermes-stable:5541:19)
    at _next (http://10.0.2.2:8081/index.bundle//&platform=android&dev=true&lazy=true&minify=false&app=com.sopranochat&modulesOnly=false&runModule=true&excludeSource=true&sourcePaths=url-server&transform.routerRoot=app&transform.engine=hermes&transform.bytecode=1&unstable_transformProfile=hermes-stable:5555:29)
 LOG  [LiveKit] AudioSession modülü hazır
 LOG  [LiveKit] registerGlobals başarılı
 LOG  [LiveKit] Client lazily loaded
 LOG  [Session] Conflict kanalı: CLOSED
 LOG  [DMNotif] dm:user:I8feZfsmpDO0M0HvbCtWEBot5Jp2 → CLOSED
 LOG  [SPSync] channel status: CLOSED 
 LOG  [GiftRT] channel status: CLOSED for user I8feZfsmpDO0M0HvbCtWEBot5Jp2 
 LOG  [Analytics] userId: (cleared)
 LOG  [LiveKit] DISCONNECT ÇAĞRILDI
 LOG  [LiveKit] Stack:     at ?anon_0_ (http://10.0.2.2:8081/index.bundle//&platform=android&dev=true&lazy=true&minify=false&app=com.sopranochat&modulesOnly=false&runModule=true&excludeSource=true&sourcePaths=url-server&transform.routerRoot=app&transform.engine=hermes&transform.bytecode=1&unstable_transformProfile=hermes-stable:405754:54)
    at next (native)
    at asyncGeneratorStep (http://10.0.2.2:8081/index.bundle//&platform=android&dev=true&lazy=true&minify=false&app=com.sopranochat&modulesOnly=false&runModule=true&excludeSource=true&sourcePaths=url-server&transform.routerRoot=app&transform.engine=hermes&transform.bytecode=1&unstable_transformProfile=hermes-stable:5541:19)
    at _next (http://10.0.2.2:8081/index.bundle//&platform=android&dev=true&lazy=true&minify=false&app=com.sopranochat&modulesOnly=false&runModule=true&excludeSource=true&sourcePaths=url-server&transform.routerRoot=app&transform.engine=hermes&transform.bytecode=1&unstable_transformProfile=hermes-stable:5555:29)
 LOG  [LiveKit] AudioSession durduruldu
 LOG  [RootLayout] Firebase auth state: LOGGED_IN
 LOG  [RootLayout] Firebase user ready, accessToken factory aktif.
 LOG  [Analytics] userId: I8feZfsmpDO0M0HvbCtWEBot5Jp2
 LOG  [Analytics] login_success 
 LOG  [DMNotif] dm:user:I8feZfsmpDO0M0HvbCtWEBot5Jp2 → SUBSCRIBED
 LOG  [SPSync] channel status: SUBSCRIBED 
 LOG  [GiftRT] channel status: SUBSCRIBED for user I8feZfsmpDO0M0HvbCtWEBot5Jp2 
 LOG  [DEV] Emülatör algılandı — push token denenecek.
 LOG  [Session] Conflict kanalı: SUBSCRIBED
 WARN  Push token kayıt hatası: insert or update on table "push_tokens" violates foreign key constraint "push_tokens_user_id_fkey"
 LOG  [SPSync] Bakiye güncellendi: 0 SP
 LOG  [SPSync] Bakiye güncellendi: 0 SP
 LOG  [Analytics] signup_completed 
 LOG  [Analytics] property: signup_date = 2026-05-16
 LOG  [Analytics] property: tier = Free
 LOG  [Analytics] property: age_range = 25_34
 LOG  [SPSync] Bakiye güncellendi: 0 SP
 LOG  [WelcomeBonus] error
 LOG  [SPSync] Bakiye güncellendi: 0 SP
 LOG  [SPSync] Bakiye güncellendi: 3 SP
 LOG  [SPSync] Bakiye güncellendi: 3 SP
 LOG  [Broadcast] emoji:3e1c79fd-df55-42f0-83bb-bddcd56bb1f7 → SUBSCRIBED
 LOG  [Broadcast] mic_req:3e1c79fd-df55-42f0-83bb-bddcd56bb1f7 → SUBSCRIBED
 LOG  [Broadcast] mod_action:3e1c79fd-df55-42f0-83bb-bddcd56bb1f7 → SUBSCRIBED
 LOG  [Realtime] room:3e1c79fd-df55-42f0-83bb-bddcd56bb1f7 status → SUBSCRIBED 
 LOG  [Realtime] room_status:3e1c79fd-df55-42f0-83bb-bddcd56bb1f7 status → SUBSCRIBED
 LOG  [LiveKit] AudioSession başlatıldı
 LOG  [cleanupFrozenRooms] Deleted: 0, Reset: 0
Android Bundled 2ms C:\SopranoChat\utils\fetchTimeout.ts (1 module)
 LOG  [LiveKit] Token alındı — roomId=3e1c79fd-df55-42f0-83bb-bddcd56bb1f7, role=owner
 LOG  [LiveKit] Bağlantı başarılı (deneme 1/3)
 LOG  [SPSync] Bakiye güncellendi: 3 SP
 LOG  [Broadcast] emoji:3e1c79fd-df55-42f0-83bb-bddcd56bb1f7 → CLOSED
 LOG  [Broadcast] mic_req:3e1c79fd-df55-42f0-83bb-bddcd56bb1f7 → CLOSED
 LOG  [Broadcast] mod_action:3e1c79fd-df55-42f0-83bb-bddcd56bb1f7 → CLOSED
 LOG  [Realtime] room:3e1c79fd-df55-42f0-83bb-bddcd56bb1f7 status → CLOSED 
 LOG  [Realtime] room_status:3e1c79fd-df55-42f0-83bb-bddcd56bb1f7 status → CLOSED
 LOG  [Room] CLEANUP — isMinimizing=true
 LOG  [Room] CLEANUP — minimize mode, LiveKit korunuyor
 LOG  [useLiveKit] UNMOUNT CLEANUP — shouldDisconnect=false
 LOG  [useLiveKit] UNMOUNT SKIPPED — minimize, LiveKit korunuyor
 LOG  [LiveKit] DISCONNECT ÇAĞRILDI
 LOG  [LiveKit] Stack:     at ?anon_0_ (http://10.0.2.2:8081/index.bundle//&platform=android&dev=true&lazy=true&minify=false&app=com.sopranochat&modulesOnly=false&runModule=true&excludeSource=true&sourcePaths=url-server&transform.routerRoot=app&transform.engine=hermes&transform.bytecode=1&unstable_transformProfile=hermes-stable:405754:54)
    at next (native)
    at asyncGeneratorStep (http://10.0.2.2:8081/index.bundle//&platform=android&dev=true&lazy=true&minify=false&app=com.sopranochat&modulesOnly=false&runModule=true&excludeSource=true&sourcePaths=url-server&transform.routerRoot=app&transform.engine=hermes&transform.bytecode=1&unstable_transformProfile=hermes-stable:5541:19)
    at _next (http://10.0.2.2:8081/index.bundle//&platform=android&dev=true&lazy=true&minify=false&app=com.sopranochat&modulesOnly=false&runModule=true&excludeSource=true&sourcePaths=url-server&transform.routerRoot=app&transform.engine=hermes&transform.bytecode=1&unstable_transformProfile=hermes-stable:5555:29)
 INFO  disconnect from room {"participant": "I8feZfsmpDO0M0HvbCtWEBot5Jp2", "participantID": "PA_YB8fzuyGr6WT", "room": "3e1c79fd-df55-42f0-83bb-bddcd56bb1f7", "roomID": "RM_BpZWGsruo9Lp"}
 WARN  detected connection state mismatch {"engine": {"closed": true, "transportsConnectedOrConnecting": false}, "numFailures": 1, "participant": "I8feZfsmpDO0M0HvbCtWEBot5Jp2", "participantID": "PA_YB8fzuyGr6WT", "room": "3e1c79fd-df55-42f0-83bb-bddcd56bb1f7", "roomID": "RM_BpZWGsruo9Lp"}
 LOG  [LiveKit] AudioSession durduruldu
 LOG  [AutoClose] Boş oda kapatıldı: 3e1c79fd-df55-42f0-83bb-bddcd56bb1f7
 WARN  [Account] Firebase delete error (may need re-auth): Firebase: Error (auth/requires-recent-login).
 ERROR  [RevenueCat] 😿‼️ Called logOut but the current user is anonymous
 WARN  [RevenueCat] logout hatası: [Error: Called logOut but the current user is anonymous.]
 LOG  [RootLayout] Firebase auth state: LOGGED_OUT
 LOG  [LiveKit] DISCONNECT ÇAĞRILDI
 LOG  [LiveKit] Stack:     at ?anon_0_ (http://10.0.2.2:8081/index.bundle//&platform=android&dev=true&lazy=true&minify=false&app=com.sopranochat&modulesOnly=false&runModule=true&excludeSource=true&sourcePaths=url-server&transform.routerRoot=app&transform.engine=hermes&transform.bytecode=1&unstable_transformProfile=hermes-stable:405754:54)
    at next (native)
    at asyncGeneratorStep (http://10.0.2.2:8081/index.bundle//&platform=android&dev=true&lazy=true&minify=false&app=com.sopranochat&modulesOnly=false&runModule=true&excludeSource=true&sourcePaths=url-server&transform.routerRoot=app&transform.engine=hermes&transform.bytecode=1&unstable_transformProfile=hermes-stable:5541:19)
    at _next (http://10.0.2.2:8081/index.bundle//&platform=android&dev=true&lazy=true&minify=false&app=com.sopranochat&modulesOnly=false&runModule=true&excludeSource=true&sourcePaths=url-server&transform.routerRoot=app&transform.engine=hermes&transform.bytecode=1&unstable_transformProfile=hermes-stable:5555:29)
 LOG  [LiveKit] AudioSession durduruldu
 LOG  [Session] Conflict kanalı: CLOSED
 LOG  [DMNotif] dm:user:I8feZfsmpDO0M0HvbCtWEBot5Jp2 → CLOSED
 LOG  [SPSync] channel status: CLOSED 
 LOG  [GiftRT] channel status: CLOSED for user I8feZfsmpDO0M0HvbCtWEBot5Jp2 
 LOG  [Analytics] userId: (cleared)
 LOG  [LiveKit] DISCONNECT ÇAĞRILDI
 LOG  [LiveKit] Stack:     at ?anon_0_ (http://10.0.2.2:8081/index.bundle//&platform=android&dev=true&lazy=true&minify=false&app=com.sopranochat&modulesOnly=false&runModule=true&excludeSource=true&sourcePaths=url-server&transform.routerRoot=app&transform.engine=hermes&transform.bytecode=1&unstable_transformProfile=hermes-stable:405754:54)
    at next (native)
    at asyncGeneratorStep (http://10.0.2.2:8081/index.bundle//&platform=android&dev=true&lazy=true&minify=false&app=com.sopranochat&modulesOnly=false&runModule=true&excludeSource=true&sourcePaths=url-server&transform.routerRoot=app&transform.engine=hermes&transform.bytecode=1&unstable_transformProfile=hermes-stable:5541:19)
    at _next (http://10.0.2.2:8081/index.bundle//&platform=android&dev=true&lazy=true&minify=false&app=com.sopranochat&modulesOnly=false&runModule=true&excludeSource=true&sourcePaths=url-server&transform.routerRoot=app&transform.engine=hermes&transform.bytecode=1&unstable_transformProfile=hermes-stable:5555:29)
 LOG  [LiveKit] AudioSession durduruldu
 ERROR  SyntaxError: C:\SopranoChat\app\create-room.tsx: Expected corresponding JSX closing tag for <SkiaShadow>. (1509:12)

  1507 |                 <Ionicons name={currentStepMeta.icon as any} size={36} color={currentStepMeta.accent} />
  1508 |               </LinearGradient>
> 1509 |             </View>
       |             ^
  1510 |
  1511 |             {/* Hero Title + Subtitle — text shadow yok, sade */}
  1512 |             <Text style={w.heroTitle}>{t(currentStepMeta.titleKey)}</Text>
 ERROR  [Error: TransformError SyntaxError: C:\SopranoChat\app\create-room.tsx: Expected corresponding JSX closing tag for <SkiaShadow>. (1509:12)

[0m [90m 1507 |[39m                 [33m<[39m[33mIonicons[39m name[33m=[39m{currentStepMeta[33m.[39micon [36mas[39m any} size[33m=[39m{[35m36[39m} color[33m=[39m{currentStepMeta[33m.[39maccent} [33m/[39m[33m>[39m
 [90m 1508 |[39m               [33m<[39m[33m/[39m[33mLinearGradient[39m[33m>[39m
[31m[1m>[22m[39m[90m 1509 |[39m             [33m<[39m[33m/[39m[33mView[39m[33m>[39m
 [90m      |[39m             [31m[1m^[22m[39m
 [90m 1510 |[39m
 [90m 1511 |[39m             {[90m/* Hero Title + Subtitle — text shadow yok, sade */[39m}
 [90m 1512 |[39m             [33m<[39m[33mText[39m style[33m=[39m{w[33m.[39mheroTitle}[33m>[39m{t(currentStepMeta[33m.[39mtitleKey)}[33m<[39m[33m/[39m[33mText[39m[33m>[39m[0m]
 ERROR  SyntaxError: C:\SopranoChat\app\create-room.tsx: Expected corresponding JSX closing tag for <SkiaShadow>. (1509:12)

  1507 |                 <Ionicons name={currentStepMeta.icon as any} size={36} color={currentStepMeta.accent} />
  1508 |               </LinearGradient>
> 1509 |             </View>
       |             ^
  1510 |
  1511 |             {/* Hero Title + Subtitle — text shadow yok, sade */}
  1512 |             <Text style={w.heroTitle}>{t(currentStepMeta.titleKey)}</Text>
 ERROR  [Error: TransformError SyntaxError: C:\SopranoChat\app\create-room.tsx: Expected corresponding JSX closing tag for <SkiaShadow>. (1509:12)

[0m [90m 1507 |[39m                 [33m<[39m[33mIonicons[39m name[33m=[39m{currentStepMeta[33m.[39micon [36mas[39m any} size[33m=[39m{[35m36[39m} color[33m=[39m{currentStepMeta[33m.[39maccent} [33m/[39m[33m>[39m
 [90m 1508 |[39m               [33m<[39m[33m/[39m[33mLinearGradient[39m[33m>[39m
[31m[1m>[22m[39m[90m 1509 |[39m             [33m<[39m[33m/[39m[33mView[39m[33m>[39m
 [90m      |[39m             [31m[1m^[22m[39m
 [90m 1510 |[39m
 [90m 1511 |[39m             {[90m/* Hero Title + Subtitle — text shadow yok, sade */[39m}
 [90m 1512 |[39m             [33m<[39m[33mText[39m style[33m=[39m{w[33m.[39mheroTitle}[33m>[39m{t(currentStepMeta[33m.[39mtitleKey)}[33m<[39m[33m/[39m[33mText[39m[33m>[39m[0m]
Android Bundled 128ms C:\SopranoChat\index.ts (1 module)
 INFO  
[7m [1m💡 JavaScript logs will be removed from Metro in React Native 0.77![22m Please use React Native DevTools as your default tool. Tip: Type [1mj[22m in the terminal to open (requires Google Chrome or Microsoft Edge).[27m
 LOG  [RootLayout] Hazırlık süreci başlatıldı...
 LOG  [RootLayout] Firebase auth listener başlatılıyor...
 LOG  [RootLayout] Firebase auth state: LOGGED_OUT
 LOG  [Analytics] userId: (cleared)
 LOG  [LiveKit] DISCONNECT ÇAĞRILDI
 LOG  [LiveKit] Stack:     at ?anon_0_ (http://10.0.2.2:8081/index.bundle//&platform=android&dev=true&lazy=true&minify=false&app=com.sopranochat&modulesOnly=false&runModule=true&excludeSource=true&sourcePaths=url-server&transform.routerRoot=app&transform.engine=hermes&transform.bytecode=1&unstable_transformProfile=hermes-stable:405754:54)
    at next (native)
    at asyncGeneratorStep (http://10.0.2.2:8081/index.bundle//&platform=android&dev=true&lazy=true&minify=false&app=com.sopranochat&modulesOnly=false&runModule=true&excludeSource=true&sourcePaths=url-server&transform.routerRoot=app&transform.engine=hermes&transform.bytecode=1&unstable_transformProfile=hermes-stable:5541:19)
    at _next (http://10.0.2.2:8081/index.bundle//&platform=android&dev=true&lazy=true&minify=false&app=com.sopranochat&modulesOnly=false&runModule=true&excludeSource=true&sourcePaths=url-server&transform.routerRoot=app&transform.engine=hermes&transform.bytecode=1&unstable_transformProfile=hermes-stable:5555:29)
 LOG  [LiveKit] AudioSession modülü hazır
 LOG  [LiveKit] registerGlobals başarılı
 LOG  [LiveKit] Client lazily loaded
Android Bundled 33ms C:\SopranoChat\services\livekit.ts (1 module)
 LOG  [RootLayout] Firebase auth state: LOGGED_IN
 LOG  [RootLayout] Firebase user ready, accessToken factory aktif.
 LOG  [Analytics] userId: I8feZfsmpDO0M0HvbCtWEBot5Jp2
 LOG  [Analytics] login_success 
 LOG  [DMNotif] dm:user:I8feZfsmpDO0M0HvbCtWEBot5Jp2 → SUBSCRIBED
 LOG  [SPSync] channel status: SUBSCRIBED 
 LOG  [GiftRT] channel status: SUBSCRIBED for user I8feZfsmpDO0M0HvbCtWEBot5Jp2 
 LOG  [CallService] Call signal kanal durumu: SUBSCRIBED (user: I8feZfsm) 
 LOG  [DEV] Emülatör algılandı — push token denenecek.
 LOG  [Session] Conflict kanalı: SUBSCRIBED
 WARN  Push token kayıt hatası: insert or update on table "push_tokens" violates foreign key constraint "push_tokens_user_id_fkey"
 LOG  [SPSync] Bakiye güncellendi: 0 SP
 LOG  [SPSync] Bakiye güncellendi: 0 SP
 LOG  [Analytics] signup_completed 
 LOG  [Analytics] property: signup_date = 2026-05-16
 LOG  [Analytics] property: tier = Free
 LOG  [Analytics] property: age_range = 35_44
 LOG  [SPSync] Bakiye güncellendi: 0 SP
 LOG  [WelcomeBonus] error
Android Bundled 27ms C:\SopranoChat\constants\supabase.ts (1 module)
 LOG  [SPSync] Bakiye güncellendi: 0 SP
 ERROR  SyntaxError: C:\SopranoChat\app\create-room.tsx: Expected corresponding JSX closing tag for <View>. (1499:14)

  1497 |                 <Ionicons name={currentStepMeta.icon as any} size={36} color={currentStepMeta.accent} />
  1498 |               </LinearGradient>
> 1499 |               </SkiaShadow>
       |               ^
  1500 |             </View>
  1501 |
  1502 |             {/* Hero Title + Subtitle — text shadow yok, sade */}
 ERROR  [Error: TransformError SyntaxError: C:\SopranoChat\app\create-room.tsx: Expected corresponding JSX closing tag for <View>. (1499:14)

[0m [90m 1497 |[39m                 [33m<[39m[33mIonicons[39m name[33m=[39m{currentStepMeta[33m.[39micon [36mas[39m any} size[33m=[39m{[35m36[39m} color[33m=[39m{currentStepMeta[33m.[39maccent} [33m/[39m[33m>[39m
 [90m 1498 |[39m               [33m<[39m[33m/[39m[33mLinearGradient[39m[33m>[39m
[31m[1m>[22m[39m[90m 1499 |[39m               [33m<[39m[33m/[39m[33mSkiaShadow[39m[33m>[39m
 [90m      |[39m               [31m[1m^[22m[39m
 [90m 1500 |[39m             [33m<[39m[33m/[39m[33mView[39m[33m>[39m
 [90m 1501 |[39m
 [90m 1502 |[39m             {[90m/* Hero Title + Subtitle — text shadow yok, sade */[39m}[0m]
 ERROR  SyntaxError: C:\SopranoChat\app\create-room.tsx: Expected corresponding JSX closing tag for <View>. (1499:14)

  1497 |                 <Ionicons name={currentStepMeta.icon as any} size={36} color={currentStepMeta.accent} />
  1498 |               </LinearGradient>
> 1499 |               </SkiaShadow>
       |               ^
  1500 |             </View>
  1501 |
  1502 |             {/* Hero Title + Subtitle — text shadow yok, sade */}
 ERROR  [Error: TransformError SyntaxError: C:\SopranoChat\app\create-room.tsx: Expected corresponding JSX closing tag for <View>. (1499:14)

[0m [90m 1497 |[39m                 [33m<[39m[33mIonicons[39m name[33m=[39m{currentStepMeta[33m.[39micon [36mas[39m any} size[33m=[39m{[35m36[39m} color[33m=[39m{currentStepMeta[33m.[39maccent} [33m/[39m[33m>[39m
 [90m 1498 |[39m               [33m<[39m[33m/[39m[33mLinearGradient[39m[33m>[39m
[31m[1m>[22m[39m[90m 1499 |[39m               [33m<[39m[33m/[39m[33mSkiaShadow[39m[33m>[39m
 [90m      |[39m               [31m[1m^[22m[39m
 [90m 1500 |[39m             [33m<[39m[33m/[39m[33mView[39m[33m>[39m
 [90m 1501 |[39m
 [90m 1502 |[39m             {[90m/* Hero Title + Subtitle — text shadow yok, sade */[39m}[0m]
Android Bundled 134ms C:\SopranoChat\index.ts (1 module)
 INFO  
[7m [1m💡 JavaScript logs will be removed from Metro in React Native 0.77![22m Please use React Native DevTools as your default tool. Tip: Type [1mj[22m in the terminal to open (requires Google Chrome or Microsoft Edge).[27m
 LOG  [RootLayout] Hazırlık süreci başlatıldı...
 LOG  [RootLayout] Firebase auth listener başlatılıyor...
Android Bundled 36ms C:\SopranoChat\services\livekit.ts (1 module)
 LOG  [RootLayout] Firebase auth state: LOGGED_IN
 LOG  [RootLayout] Firebase user ready, accessToken factory aktif.
 LOG  [Analytics] userId: I8feZfsmpDO0M0HvbCtWEBot5Jp2
 LOG  [Analytics] login_success 
 LOG  [SPSync] channel status: SUBSCRIBED 
 LOG  [GiftRT] channel status: SUBSCRIBED for user I8feZfsmpDO0M0HvbCtWEBot5Jp2 
 LOG  [CallService] Call signal kanal durumu: SUBSCRIBED (user: I8feZfsm) 
 LOG  [DMNotif] dm:user:I8feZfsmpDO0M0HvbCtWEBot5Jp2 → SUBSCRIBED
 LOG  [Session] Conflict kanalı: SUBSCRIBED
 LOG  [DEV] Emülatör algılandı — push token denenecek.
 LOG  [SPSync] Bakiye güncellendi: 0 SP
 LOG  [SPSync] Bakiye güncellendi: 3 SP
Android Bundled 25ms C:\SopranoChat\constants\supabase.ts (1 module)
 LOG  [SPSync] Bakiye güncellendi: 3 SP
 LOG  [RevenueCat] SDK başlatıldı
 LOG  [SPSync] Bakiye güncellendi: 3 SP
Android Bundled 132ms C:\SopranoChat\index.ts (1 module)
 INFO  
[7m [1m💡 JavaScript logs will be removed from Metro in React Native 0.77![22m Please use React Native DevTools as your default tool. Tip: Type [1mj[22m in the terminal to open (requires Google Chrome or Microsoft Edge).[27m
 LOG  [RootLayout] Hazırlık süreci başlatıldı...
 LOG  [RootLayout] Firebase auth listener başlatılıyor...
Android Bundled 35ms C:\SopranoChat\services\livekit.ts (1 module)
 LOG  [RootLayout] Firebase auth state: LOGGED_IN
 LOG  [RootLayout] Firebase user ready, accessToken factory aktif.
 LOG  [Analytics] userId: I8feZfsmpDO0M0HvbCtWEBot5Jp2
 LOG  [Analytics] login_success 
 LOG  [SPSync] channel status: SUBSCRIBED 
 LOG  [GiftRT] channel status: SUBSCRIBED for user I8feZfsmpDO0M0HvbCtWEBot5Jp2 
 LOG  [CallService] Call signal kanal durumu: SUBSCRIBED (user: I8feZfsm) 
 LOG  [DEV] Emülatör algılandı — push token denenecek.
 LOG  [DMNotif] dm:user:I8feZfsmpDO0M0HvbCtWEBot5Jp2 → SUBSCRIBED
Android Bundled 27ms C:\SopranoChat\constants\supabase.ts (1 module)
 LOG  [RevenueCat] SDK başlatıldı
 LOG  [SPSync] Bakiye güncellendi: 3 SP
 LOG  [Session] Conflict kanalı: SUBSCRIBED
 LOG  [SPSync] Bakiye güncellendi: 6 SP
 LOG  [SPSync] Bakiye güncellendi: 6 SP
 LOG  [Broadcast] emoji:b139aaa0-4f72-483d-bb80-522971b06dbd → SUBSCRIBED
 LOG  [Broadcast] mic_req:b139aaa0-4f72-483d-bb80-522971b06dbd → SUBSCRIBED
 LOG  [Broadcast] mod_action:b139aaa0-4f72-483d-bb80-522971b06dbd → SUBSCRIBED
 LOG  [Realtime] room:b139aaa0-4f72-483d-bb80-522971b06dbd status → SUBSCRIBED 
 LOG  [Realtime] room_status:b139aaa0-4f72-483d-bb80-522971b06dbd status → SUBSCRIBED
 LOG  [LiveKit] AudioSession modülü hazır
 LOG  [LiveKit] registerGlobals başarılı
 LOG  [LiveKit] Client lazily loaded
 LOG  [LiveKit] AudioSession başlatıldı
 LOG  [cleanupFrozenRooms] Deleted: 0, Reset: 0
Android Bundled 2ms C:\SopranoChat\utils\fetchTimeout.ts (1 module)
 LOG  [LiveKit] Token alındı — roomId=b139aaa0-4f72-483d-bb80-522971b06dbd, role=owner
 LOG  [LiveKit] Bağlantı başarılı (deneme 1/3)
 INFO  publishing track {"enabled": true, "kind": "video", "muted": false, "participant": "I8feZfsmpDO0M0HvbCtWEBot5Jp2", "participantID": "PA_2v5jTh9QTcBy", "room": "b139aaa0-4f72-483d-bb80-522971b06dbd", "roomID": "RM_AWNA5intP2D9", "source": "camera", "streamID": "fcf69d9b-71bb-476c-b131-50a31168dd51", "streamTrackID": "fcf69d9b-71bb-476c-b131-50a31168dd51", "trackID": undefined}
 LOG  [LiveKit] ★ LocalTrackPublished: VIDEO track, source: camera
