
> web@0.1.0 dev
> next dev

▲ Next.js 16.1.6 (Turbopack)
- Local:         http://localhost:3000
- Network:       http://192.168.1.3:3000
- Environments: .env.local, .env

✓ Starting...
✓ Ready in 1282ms
○ Compiling /yonet/cerceveler/[id] ...
 GET /yonet/cerceveler/frames_turkuaz_premium_0xik 200 in 2.8s (compile: 1682ms, render: 1129ms)
 GET /yonet/cerceveler/frames_turkuaz_premium_0xik 200 in 5.1s (compile: 4.0s, render: 1136ms)
 GET /yonet/cerceveler/frames_turkuaz_premium_0xik 200 in 602ms (compile: 20ms, render: 582ms)
 GET /yonet/cerceveler/frames_turkuaz_premium_0xik 200 in 531ms (compile: 16ms, render: 514ms)
 GET /yonet/cerceveler/frames_turkuaz_premium_0xik 200 in 454ms (compile: 16ms, render: 438ms)
 GET /yonet/cerceveler/frames_turkuaz_premium_0xik 200 in 605ms (compile: 18ms, render: 587ms)
✓ Compiled in 1837ms
✓ Compiled in 575ms
 GET /yonet/cerceveler/frames_turkuaz_premium_0xik 200 in 644ms (compile: 7ms, render: 637ms)
 GET /yonet/cerceveler/frames_turkuaz_premium_0xik 200 in 1490ms (compile: 395ms, render: 1095ms)
 GET /yonet/cerceveler/frames_turkuaz_premium_0xik 200 in 927ms (compile: 36ms, render: 891ms)
 GET /yonet/magaza 200 in 1832ms (compile: 1316ms, render: 516ms)
 GET /yonet/cerceveler/frames_turkuaz_premium_0xik 200 in 353ms (compile: 21ms, render: 332ms)
 GET /yonet/cerceveler/frames_turkuaz_premium_0xik 200 in 194ms (compile: 20ms, render: 175ms)
 GET /yonet/cerceveler/frames_turkuaz_premium_0xik 200 in 279ms (compile: 17ms, render: 261ms)
 GET /yonet/cerceveler/frames_turkuaz_premium_0xik 200 in 209ms (compile: 7ms, render: 202ms)
 GET /yonet/cerceveler/frames_turkuaz_premium_0xik 200 in 351ms (compile: 6ms, render: 344ms)
 GET /yonet/cerceveler/frames_turkuaz_premium_0xik 200 in 190ms (compile: 19ms, render: 171ms)
 GET /yonet/cerceveler/frames_turkuaz_premium_0xik 200 in 172ms (compile: 7ms, render: 165ms)
 GET /yonet/cerceveler/frames_turkuaz_premium_0xik 200 in 248ms (compile: 7ms, render: 241ms)
 GET /yonet/cerceveler/frames_turkuaz_premium_0xik 200 in 229ms (compile: 7ms, render: 222ms)
 GET /yonet/cerceveler/frames_turkuaz_premium_0xik 200 in 243ms (compile: 15ms, render: 227ms)
 GET /yonet/cerceveler/frames_turkuaz_premium_0xik 200 in 241ms (compile: 15ms, render: 226ms)
 GET /yonet/cerceveler/frames_turkuaz_premium_0xik 200 in 187ms (compile: 6ms, render: 181ms)
 GET /yonet/cerceveler/frames_turkuaz_premium_0xik 200 in 193ms (compile: 9ms, render: 184ms)
 GET /yonet/cerceveler/frames_turkuaz_premium_0xik 200 in 413ms (compile: 17ms, render: 396ms)
 GET /yonet/magaza 200 in 369ms (compile: 8ms, render: 361ms)
✓ Compiled in 293ms
 GET /yonet/cerceveler/frames_turkuaz_premium_0xik 200 in 766ms (compile: 153ms, render: 613ms)
✓ Compiled in 400ms
✓ Compiled in 305ms
 GET /yonet/cerceveler/frames_turkuaz_premium_0xik 200 in 795ms (compile: 173ms, render: 621ms)
 GET /yonet/cerceveler/frames_turkuaz_premium_0xik 200 in 498ms (compile: 16ms, render: 482ms)
 GET /yonet/cerceveler/frames_turkuaz_premium_0xik 307 in 657ms (compile: 26ms, render: 632ms)
 GET /yonet/giris 200 in 818ms (compile: 763ms, render: 55ms)
 GET /yonet 200 in 769ms (compile: 639ms, render: 130ms)
 POST /api/yonet/frames/frames_turkuaz_premium_0xik 200 in 1843ms (compile: 1245ms, render: 598ms)
✓ Compiled in 704ms
✓ Compiled in 674ms
✓ Compiled in 529ms
✓ Compiled in 551ms
 POST /api/yonet/frames/frames_turkuaz_premium_0xik 200 in 648ms (compile: 14ms, render: 634ms)
 POST /api/yonet/frames/frames_turkuaz_premium_0xik 200 in 446ms (compile: 17ms, render: 429ms)
 POST /api/yonet/frames/frames_turkuaz_premium_0xik 200 in 441ms (compile: 13ms, render: 427ms)
 POST /api/yonet/frames/frames_turkuaz_premium_0xik 200 in 422ms (compile: 15ms, render: 407ms)
 POST /api/yonet/frames/frames_turkuaz_premium_0xik 200 in 258ms (compile: 14ms, render: 244ms)
✓ Compiled in 431ms
✓ Compiled in 427ms
✓ Compiled in 399ms
✓ Compiled in 433ms
✓ Compiled in 409ms
✓ Compiled in 501ms
 POST /api/yonet/frames/frames_turkuaz_premium_0xik 200 in 745ms (compile: 13ms, render: 731ms)
✓ Compiled in 354ms
 POST /api/yonet/frames/frames_turkuaz_premium_0xik 200 in 568ms (compile: 16ms, render: 551ms)
 POST /api/yonet/frames/frames_turkuaz_premium_0xik 200 in 430ms (compile: 13ms, render: 416ms)
 POST /api/yonet/frames/frames_turkuaz_premium_0xik 200 in 412ms (compile: 8ms, render: 404ms)
 POST /api/yonet/frames/frames_turkuaz_premium_0xik 200 in 558ms (compile: 8ms, render: 550ms)
 POST /api/yonet/frames/frames_turkuaz_premium_0xik 200 in 402ms (compile: 10ms, render: 391ms)
 POST /api/yonet/frames/frames_turkuaz_premium_0xik 200 in 463ms (compile: 12ms, render: 450ms)
 POST /api/yonet/frames/frames_turkuaz_premium_0xik 200 in 434ms (compile: 10ms, render: 424ms)
 POST /api/yonet/frames/frames_turkuaz_premium_0xik 200 in 403ms (compile: 10ms, render: 393ms)
 POST /api/yonet/frames/frames_turkuaz_premium_0xik 200 in 421ms (compile: 12ms, render: 409ms)
 POST /api/yonet/frames/frames_turkuaz_premium_0xik 200 in 415ms (compile: 9ms, render: 406ms)
 GET /yonet/giris 200 in 112ms (compile: 9ms, render: 103ms)
 GET /yonet/cerceveler/frames_turkuaz_premium_0xik 307 in 1002ms (compile: 309ms, render: 692ms)
 POST /yonet/api/auth/password 200 in 540ms (compile: 423ms, proxy.ts: 105ms, render: 12ms)
 GET /yonet 200 in 653ms (compile: 7ms, render: 646ms)
 GET /yonet/magaza 200 in 545ms (compile: 22ms, render: 523ms)
 GET /yonet/cerceveler/frames_turkuaz_premium_0xik 200 in 334ms (compile: 18ms, render: 316ms)
 POST /api/yonet/frames/frames_turkuaz_premium_0xik 200 in 466ms (compile: 17ms, render: 449ms)
 GET /yonet/cerceveler/frames_turkuaz_premium_0xik 200 in 1275ms (compile: 146ms, render: 1129ms)
 POST /api/yonet/frames/frames_turkuaz_premium_0xik 200 in 695ms (compile: 21ms, render: 674ms)
✓ Compiled in 1977ms
 GET /yonet/cerceveler/frames_turkuaz_premium_0xik 200 in 1420ms (compile: 322ms, render: 1098ms)
✓ Compiled in 1550ms
 GET /yonet/cerceveler/frames_turkuaz_premium_0xik 200 in 2.2s (compile: 400ms, render: 1761ms)
 GET /yonet/cerceveler/frames_turkuaz_premium_0xik 200 in 1032ms (compile: 21ms, render: 1010ms)
✓ Compiled in 357ms
✓ Compiled in 355ms
✓ Compiled in 354ms
 POST /api/yonet/frames/frames_turkuaz_premium_0xik 200 in 649ms (compile: 13ms, render: 636ms)
✓ Compiled in 384ms
✓ Compiled in 508ms
✓ Compiled in 404ms
✓ Compiled in 329ms
 GET /yonet/cerceveler/frames_turkuaz_premium_0xik 200 in 1020ms (compile: 287ms, render: 734ms)
 GET /yonet/magaza 200 in 994ms (compile: 30ms, render: 964ms)
 GET /yonet/cerceveler/frames_turkuaz_premium_0xik 200 in 617ms (compile: 13ms, render: 604ms)
 GET /yonet/cerceveler/frames_turkuaz_premium_0xik 200 in 559ms (compile: 14ms, render: 545ms)
✓ Compiled in 520ms
 POST /api/yonet/frames/frames_turkuaz_premium_0xik 200 in 564ms (compile: 12ms, render: 552ms)
 POST /api/yonet/frames/frames_turkuaz_premium_0xik 200 in 463ms (compile: 10ms, render: 453ms)
 POST /api/yonet/frames/frames_turkuaz_premium_0xik 200 in 469ms (compile: 14ms, render: 455ms)
 POST /api/yonet/frames/frames_turkuaz_premium_0xik 200 in 600ms (compile: 8ms, render: 591ms)
 POST /api/yonet/frames/frames_turkuaz_premium_0xik 200 in 566ms (compile: 22ms, render: 544ms)
 GET / 200 in 1675ms (compile: 1086ms, render: 589ms)
 GET /yonet/cerceveler/frames_turkuaz_premium_0xik 200 in 804ms (compile: 255ms, render: 549ms)
✓ Compiled in 2.1s
✓ Compiled in 496ms
 GET /yonet/cerceveler/frames_turkuaz_premium_0xik 200 in 1355ms (compile: 259ms, render: 1097ms)
 GET /yonet/cerceveler/frames_turkuaz_premium_0xik 200 in 489ms (compile: 20ms, render: 469ms)
✓ Compiled in 323ms
 GET /yonet/cerceveler/frames_turkuaz_premium_0xik 200 in 1161ms (compile: 286ms, render: 875ms)
 GET /yonet/cerceveler/frames_turkuaz_premium_0xik 200 in 653ms (compile: 34ms, render: 619ms)
 POST /api/yonet/frames/frames_turkuaz_premium_0xik 200 in 801ms (compile: 24ms, render: 777ms)
 POST /api/yonet/frames/frames_turkuaz_premium_0xik 200 in 489ms (compile: 18ms, render: 471ms)
 GET /yonet/cerceveler/frames_turkuaz_premium_0xik 200 in 479ms (compile: 15ms, render: 464ms)
 GET /yonet/cerceveler/frames_turkuaz_premium_0xik 200 in 653ms (compile: 15ms, render: 638ms)
✓ Compiled in 850ms
 GET /yonet/cerceveler/frames_turkuaz_premium_0xik 200 in 1241ms (compile: 312ms, render: 928ms)
 GET /yonet/cerceveler/frames_turkuaz_premium_0xik 200 in 562ms (compile: 17ms, render: 545ms)
 GET /yonet/cerceveler/frames_turkuaz_premium_0xik 200 in 579ms (compile: 14ms, render: 565ms)
 GET /yonet/cerceveler/frames_turkuaz_premium_0xik 200 in 552ms (compile: 17ms, render: 535ms)
 GET /yonet/cerceveler/frames_turkuaz_premium_0xik 200 in 538ms (compile: 15ms, render: 523ms)
 GET /yonet/cerceveler/frames_turkuaz_premium_0xik 200 in 523ms (compile: 16ms, render: 507ms)
 GET /yonet/cerceveler/frames_turkuaz_premium_0xik 200 in 498ms (compile: 18ms, render: 480ms)
 GET /yonet/cerceveler/frames_turkuaz_premium_0xik 200 in 532ms (compile: 24ms, render: 507ms)
 GET /yonet/cerceveler/frames_turkuaz_premium_0xik 200 in 563ms (compile: 18ms, render: 545ms)
 GET /yonet/cerceveler/frames_turkuaz_premium_0xik 200 in 450ms (compile: 17ms, render: 433ms)
 GET /yonet/cerceveler/frames_turkuaz_premium_0xik 200 in 555ms (compile: 22ms, render: 533ms)
 GET /yonet/cerceveler/frames_turkuaz_premium_0xik 200 in 542ms (compile: 16ms, render: 525ms)
 GET /yonet/cerceveler/frames_turkuaz_premium_0xik 200 in 509ms (compile: 14ms, render: 495ms)
 GET /yonet/cerceveler/frames_turkuaz_premium_0xik 200 in 591ms (compile: 23ms, render: 568ms)
✓ Compiled in 717ms
 GET /yonet/cerceveler/frames_turkuaz_premium_0xik 200 in 839ms (compile: 180ms, render: 659ms)
 GET /yonet/cerceveler/frames_turkuaz_premium_0xik 200 in 510ms (compile: 16ms, render: 493ms)
 GET /yonet/cerceveler/frames_turkuaz_premium_0xik 200 in 622ms (compile: 18ms, render: 604ms)
 GET /yonet/cerceveler/frames_turkuaz_premium_0xik 200 in 484ms (compile: 15ms, render: 468ms)
 GET /yonet/giris 200 in 200ms (compile: 8ms, render: 192ms)
 GET /yonet 307 in 828ms (compile: 13ms, render: 815ms)
 POST /yonet/api/auth/password 200 in 54ms (compile: 12ms, proxy.ts: 27ms, render: 15ms)
 GET /yonet 200 in 551ms (compile: 7ms, render: 544ms)
 GET /yonet/magaza 200 in 444ms (compile: 33ms, render: 411ms)
 GET /yonet/cerceveler/frames_turkuaz_premium_0xik 200 in 612ms (compile: 232ms, render: 379ms)
✓ Compiled in 329ms
✓ Compiled in 409ms
 POST /api/yonet/frames/frames_turkuaz_premium_0xik 200 in 698ms (compile: 18ms, render: 680ms)
 POST /api/yonet/frames/frames_turkuaz_premium_0xik 200 in 434ms (compile: 13ms, render: 421ms)
✓ Compiled in 575ms
✓ Compiled in 611ms
✓ Compiled in 346ms
✓ Compiled in 340ms
 POST /api/yonet/frames/frames_turkuaz_premium_0xik 200 in 669ms (compile: 34ms, render: 635ms)
✓ Compiled in 752ms
✓ Compiled in 768ms
✓ Compiled in 502ms
✓ Compiled in 1364ms
✓ Compiled in 348ms
 GET /yonet/cerceveler/frames_turkuaz_premium_0xik 200 in 423ms (compile: 248ms, render: 175ms)
 GET /yonet/cerceveler/frames_turkuaz_premium_0xik 200 in 62ms (compile: 5ms, render: 57ms)
✓ Compiled in 698ms
✓ Compiled in 627ms
✓ Compiled in 370ms
 GET /yonet/cerceveler/frames_turkuaz_premium_0xik 200 in 1459ms (compile: 318ms, render: 1142ms)
✓ Compiled in 361ms
✓ Compiled in 379ms
 POST /api/yonet/frames/frames_turkuaz_premium_0xik 200 in 546ms (compile: 18ms, render: 528ms)
 GET /yonet/cerceveler 307 in 1424ms (compile: 1180ms, render: 244ms)
 GET /yonet/magaza?cat=frames 200 in 661ms (compile: 12ms, render: 648ms)
 GET /yonet/cerceveler/soprano-aura 200 in 912ms (compile: 206ms, render: 706ms)
 GET /yonet/cerceveler/gold-royal 200 in 638ms (compile: 19ms, render: 619ms)
✓ Compiled in 416ms
 GET /yonet/cerceveler/gold-royal 200 in 939ms (compile: 173ms, render: 766ms)
 GET /yonet/cerceveler/frames_turkuaz_premium_0xik 200 in 639ms (compile: 22ms, render: 616ms)
 POST /api/yonet/frames/frames_turkuaz_premium_0xik 200 in 633ms (compile: 13ms, render: 620ms)
 POST /api/yonet/frames/frames_turkuaz_premium_0xik 200 in 726ms (compile: 12ms, render: 714ms)
 GET /yonet/cerceveler/frames_turkuaz_premium_0xik 200 in 402ms (compile: 11ms, render: 391ms)
 GET /yonet/cerceveler/frames_turkuaz_premium_0xik 200 in 206ms (compile: 9ms, render: 197ms)
 GET /yonet/cerceveler/frames_turkuaz_premium_0xik 200 in 195ms (compile: 3ms, render: 192ms)
 POST /api/yonet/frames/frames_turkuaz_premium_0xik 200 in 629ms (compile: 9ms, render: 620ms)
 POST /api/yonet/frames/frames_turkuaz_premium_0xik 200 in 531ms (compile: 10ms, render: 521ms)
 POST /api/yonet/frames/frames_turkuaz_premium_0xik 200 in 440ms (compile: 11ms, render: 429ms)
 POST /api/yonet/frames/frames_turkuaz_premium_0xik 200 in 465ms (compile: 12ms, render: 453ms)
 POST /api/yonet/frames/frames_turkuaz_premium_0xik 200 in 472ms (compile: 10ms, render: 462ms)
 POST /api/yonet/frames/frames_turkuaz_premium_0xik 200 in 698ms (compile: 12ms, render: 687ms)
 GET /yonet/magaza 200 in 408ms (compile: 15ms, render: 392ms)
 GET /yonet/cerceveler/frames_turkuaz_premium_0xik 200 in 319ms (compile: 10ms, render: 309ms)
 GET /yonet/cerceveler/frames_turkuaz_premium_0xik 200 in 304ms (compile: 9ms, render: 295ms)
✓ Compiled in 279ms
 POST /api/yonet/frames/frames_turkuaz_premium_0xik 200 in 677ms (compile: 12ms, render: 665ms)
 POST /api/yonet/frames/frames_turkuaz_premium_0xik 200 in 436ms (compile: 9ms, render: 426ms)
 GET /yonet/cerceveler 307 in 361ms (compile: 13ms, render: 348ms)
 GET /yonet/giris 200 in 232ms (compile: 9ms, render: 223ms)
 POST /yonet/api/auth/password 200 in 75ms (compile: 19ms, proxy.ts: 41ms, render: 15ms)
 GET /yonet 200 in 1174ms (compile: 15ms, render: 1160ms)
 GET /yonet/cerceveler 307 in 1279ms (compile: 6ms, render: 1273ms)
 GET /yonet/magaza?cat=frames 200 in 1758ms (compile: 61ms, render: 1697ms)
 GET /yonet/cerceveler 200 in 50ms (compile: 9ms, render: 40ms)
 GET /yonet/magaza?cat=frames 200 in 476ms (compile: 7ms, render: 469ms)
 GET /yonet/magaza?cat=frames 200 in 441ms (compile: 5ms, render: 436ms)
 GET /yonet/cerceveler/frames_turkuaz_premium_0xik 200 in 1266ms (compile: 778ms, render: 488ms)
 GET /yonet/cerceveler/sunrise-gold 200 in 486ms (compile: 21ms, render: 465ms)
 GET /yonet/cerceveler/frames_turkuaz_premium_0xik 200 in 977ms (compile: 36ms, render: 941ms)
 GET /yonet/cerceveler/frames_turkuaz_premium_0xik 200 in 703ms (compile: 25ms, render: 678ms)
 GET /yonet/cerceveler/frames_turkuaz_premium_0xik 200 in 544ms (compile: 17ms, render: 527ms)
 GET /yonet/cerceveler/frames_turkuaz_premium_0xik 200 in 520ms (compile: 25ms, render: 495ms)
○ Compiling /yonet/ekonomi ...
 GET /yonet/ekonomi 200 in 5.8s (compile: 4.8s, render: 975ms)
 GET /yonet/cerceveler/frames_turkuaz_premium_0xik 200 in 543ms (compile: 23ms, render: 520ms)
 GET /yonet/cerceveler/frames_turkuaz_premium_0xik 200 in 785ms (compile: 48ms, render: 736ms)
 POST /api/yonet/frames/frames_turkuaz_premium_0xik 200 in 691ms (compile: 17ms, render: 674ms)
 POST /api/yonet/frames/frames_turkuaz_premium_0xik 200 in 1009ms (compile: 145ms, render: 864ms)
 POST /api/yonet/frames/frames_turkuaz_premium_0xik 200 in 873ms (compile: 65ms, render: 808ms)
 POST /api/yonet/frames/frames_turkuaz_premium_0xik 200 in 629ms (compile: 17ms, render: 612ms)
 POST /api/yonet/frames/frames_turkuaz_premium_0xik 200 in 465ms (compile: 25ms, render: 440ms)
 POST /api/yonet/frames/frames_turkuaz_premium_0xik 200 in 472ms (compile: 18ms, render: 455ms)
 POST /api/yonet/frames/frames_turkuaz_premium_0xik 200 in 561ms (compile: 16ms, render: 544ms)
 POST /api/yonet/frames/frames_turkuaz_premium_0xik 200 in 795ms (compile: 346ms, render: 448ms)
 POST /api/yonet/frames/frames_turkuaz_premium_0xik 200 in 487ms (compile: 19ms, render: 469ms)
 POST /api/yonet/frames/frames_turkuaz_premium_0xik 200 in 460ms (compile: 18ms, render: 442ms)
 POST /api/yonet/frames/frames_turkuaz_premium_0xik 200 in 845ms (compile: 23ms, render: 822ms)
 POST /api/yonet/frames/frames_turkuaz_premium_0xik 200 in 754ms (compile: 21ms, render: 733ms)
 POST /api/yonet/frames/frames_turkuaz_premium_0xik 200 in 772ms (compile: 86ms, render: 686ms)
 POST /api/yonet/frames/frames_turkuaz_premium_0xik 200 in 590ms (compile: 16ms, render: 574ms)
 POST /api/yonet/frames/frames_turkuaz_premium_0xik 200 in 471ms (compile: 17ms, render: 454ms)
 GET /yonet/cerceveler/frames_turkuaz_premium_0xik 200 in 1781ms (compile: 852ms, render: 929ms)
✓ Compiled in 484ms
 GET /yonet/cerceveler/frames_turkuaz_premium_0xik 200 in 1057ms (compile: 241ms, render: 816ms)
 POST /api/yonet/frames/frames_turkuaz_premium_0xik 200 in 450ms (compile: 14ms, render: 436ms)
✓ Compiled in 308ms
 GET /yonet/cerceveler/frames_turkuaz_premium_0xik 200 in 629ms (compile: 132ms, render: 497ms)
 GET /yonet/cerceveler/frames_turkuaz_premium_0xik 200 in 490ms (compile: 12ms, render: 478ms)
 GET /yonet/cerceveler/frames_turkuaz_premium_0xik 200 in 253ms (compile: 16ms, render: 237ms)
✓ Compiled in 256ms
✓ Compiled in 224ms
✓ Compiled in 370ms
 GET /yonet/cerceveler/frames_turkuaz_premium_0xik 200 in 703ms (compile: 135ms, render: 568ms)
 POST /api/yonet/frames/frames_turkuaz_premium_0xik 200 in 443ms (compile: 8ms, render: 435ms)
✓ Compiled in 257ms
✓ Compiled in 257ms
 POST /api/yonet/frames/frames_turkuaz_premium_0xik 200 in 500ms (compile: 11ms, render: 489ms)
 POST /api/yonet/frames/frames_turkuaz_premium_0xik 200 in 412ms (compile: 10ms, render: 402ms)
 POST /api/yonet/frames/frames_turkuaz_premium_0xik 200 in 556ms (compile: 11ms, render: 545ms)
 POST /api/yonet/frames/frames_turkuaz_premium_0xik 200 in 466ms (compile: 10ms, render: 456ms)
 POST /api/yonet/frames/frames_turkuaz_premium_0xik 200 in 551ms (compile: 11ms, render: 540ms)
 POST /api/yonet/frames/frames_turkuaz_premium_0xik 200 in 437ms (compile: 8ms, render: 430ms)
 POST /api/yonet/frames/frames_turkuaz_premium_0xik 200 in 415ms (compile: 10ms, render: 405ms)
 POST /api/yonet/frames/frames_turkuaz_premium_0xik 200 in 436ms (compile: 10ms, render: 426ms)
 POST /api/yonet/frames/frames_turkuaz_premium_0xik 200 in 389ms (compile: 9ms, render: 379ms)
 POST /api/yonet/frames/frames_turkuaz_premium_0xik 200 in 426ms (compile: 8ms, render: 418ms)
 POST /api/yonet/frames/frames_turkuaz_premium_0xik 200 in 443ms (compile: 9ms, render: 433ms)
 POST /api/yonet/frames/frames_turkuaz_premium_0xik 200 in 478ms (compile: 8ms, render: 470ms)
 POST /api/yonet/frames/frames_turkuaz_premium_0xik 200 in 421ms (compile: 8ms, render: 414ms)
 POST /api/yonet/frames/frames_turkuaz_premium_0xik 200 in 461ms (compile: 10ms, render: 451ms)
 POST /api/yonet/frames/frames_turkuaz_premium_0xik 200 in 421ms (compile: 10ms, render: 411ms)
