> Task :livekit_react-native:assembleRelease UP-TO-DATE
> Task :livekit_react-native-webrtc:bundleReleaseAar UP-TO-DATE
> Task :livekit_react-native-webrtc:mapReleaseSourceSetPaths UP-TO-DATE
> Task :livekit_react-native-webrtc:mergeReleaseResources UP-TO-DATE
> Task :livekit_react-native-webrtc:verifyReleaseResources UP-TO-DATE
> Task :livekit_react-native-webrtc:assembleRelease UP-TO-DATE
> Task :lottie-react-native:bundleReleaseAar UP-TO-DATE
> Task :lottie-react-native:mapReleaseSourceSetPaths UP-TO-DATE
> Task :lottie-react-native:mergeReleaseResources UP-TO-DATE
> Task :lottie-react-native:verifyReleaseResources UP-TO-DATE
> Task :lottie-react-native:assembleRelease UP-TO-DATE
> Task :react-native-async-storage_async-storage:bundleReleaseAar UP-TO-DATE
> Task :react-native-async-storage_async-storage:mapReleaseSourceSetPaths UP-TO-DATE
> Task :react-native-async-storage_async-storage:mergeReleaseResources UP-TO-DATE
> Task :react-native-async-storage_async-storage:verifyReleaseResources UP-TO-DATE
> Task :react-native-async-storage_async-storage:assembleRelease UP-TO-DATE
> Task :react-native-community_datetimepicker:bundleReleaseAar UP-TO-DATE
> Task :react-native-community_datetimepicker:mapReleaseSourceSetPaths UP-TO-DATE
> Task :react-native-community_datetimepicker:mergeReleaseResources UP-TO-DATE
> Task :app:mergeDexRelease
> Task :react-native-community_datetimepicker:verifyReleaseResources UP-TO-DATE
> Task :react-native-community_datetimepicker:assembleRelease UP-TO-DATE
> Task :react-native-firebase_analytics:bundleReleaseAar UP-TO-DATE
> Task :react-native-firebase_analytics:mapReleaseSourceSetPaths UP-TO-DATE
> Task :react-native-firebase_analytics:mergeReleaseResources UP-TO-DATE
> Task :react-native-firebase_analytics:verifyReleaseResources UP-TO-DATE
> Task :react-native-firebase_analytics:assembleRelease UP-TO-DATE
> Task :react-native-firebase_app:bundleReleaseAar UP-TO-DATE
> Task :react-native-firebase_app:mapReleaseSourceSetPaths UP-TO-DATE
> Task :react-native-firebase_app:mergeReleaseResources UP-TO-DATE
> Task :react-native-firebase_app:verifyReleaseResources UP-TO-DATE
> Task :react-native-firebase_app:assembleRelease UP-TO-DATE
> Task :react-native-firebase_crashlytics:bundleReleaseAar UP-TO-DATE
> Task :react-native-firebase_crashlytics:mapReleaseSourceSetPaths UP-TO-DATE
> Task :react-native-firebase_crashlytics:mergeReleaseResources UP-TO-DATE
> Task :expo:lintVitalAnalyzeRelease
> Task :app:compileReleaseArtProfile
> Task :react-native-firebase_crashlytics:verifyReleaseResources UP-TO-DATE
> Task :react-native-firebase_crashlytics:assembleRelease UP-TO-DATE
> Task :react-native-gesture-handler:bundleReleaseAar UP-TO-DATE
> Task :react-native-gesture-handler:mapReleaseSourceSetPaths UP-TO-DATE
> Task :react-native-gesture-handler:mergeReleaseResources UP-TO-DATE
> Task :react-native-gesture-handler:verifyReleaseResources UP-TO-DATE
> Task :react-native-gesture-handler:assembleRelease UP-TO-DATE
> Task :react-native-google-signin_google-signin:bundleReleaseAar UP-TO-DATE
> Task :react-native-google-signin_google-signin:mapReleaseSourceSetPaths UP-TO-DATE
> Task :react-native-google-signin_google-signin:mergeReleaseResources UP-TO-DATE
> Task :react-native-google-signin_google-signin:verifyReleaseResources UP-TO-DATE
> Task :react-native-google-signin_google-signin:assembleRelease UP-TO-DATE
> Task :react-native-keyboard-controller:bundleReleaseAar UP-TO-DATE
> Task :react-native-keyboard-controller:mapReleaseSourceSetPaths UP-TO-DATE
> Task :react-native-keyboard-controller:mergeReleaseResources UP-TO-DATE
> Task :react-native-keyboard-controller:verifyReleaseResources UP-TO-DATE
> Task :react-native-keyboard-controller:assembleRelease UP-TO-DATE
> Task :react-native-masked-view_masked-view:bundleReleaseAar UP-TO-DATE
> Task :react-native-masked-view_masked-view:mapReleaseSourceSetPaths UP-TO-DATE
> Task :react-native-masked-view_masked-view:mergeReleaseResources UP-TO-DATE
> Task :react-native-masked-view_masked-view:verifyReleaseResources UP-TO-DATE
> Task :react-native-masked-view_masked-view:assembleRelease UP-TO-DATE
> Task :react-native-purchases:bundleReleaseAar UP-TO-DATE
> Task :react-native-purchases:mapReleaseSourceSetPaths UP-TO-DATE
> Task :react-native-purchases:mergeReleaseResources UP-TO-DATE
> Task :react-native-purchases:verifyReleaseResources UP-TO-DATE
> Task :react-native-purchases:assembleRelease UP-TO-DATE
> Task :react-native-reanimated:bundleReleaseAar UP-TO-DATE
> Task :react-native-reanimated:mapReleaseSourceSetPaths UP-TO-DATE
> Task :react-native-reanimated:mergeReleaseResources UP-TO-DATE
> Task :react-native-reanimated:verifyReleaseResources UP-TO-DATE
> Task :react-native-reanimated:assembleRelease UP-TO-DATE
> Task :react-native-safe-area-context:bundleReleaseAar UP-TO-DATE
> Task :react-native-safe-area-context:mapReleaseSourceSetPaths UP-TO-DATE
> Task :react-native-safe-area-context:mergeReleaseResources UP-TO-DATE
> Task :react-native-safe-area-context:verifyReleaseResources UP-TO-DATE
> Task :react-native-safe-area-context:assembleRelease UP-TO-DATE
> Task :react-native-screens:bundleReleaseAar UP-TO-DATE
> Task :react-native-screens:mapReleaseSourceSetPaths UP-TO-DATE
> Task :react-native-screens:mergeReleaseResources UP-TO-DATE
> Task :react-native-screens:verifyReleaseResources UP-TO-DATE
> Task :react-native-screens:assembleRelease UP-TO-DATE
> Task :react-native-webview:bundleReleaseAar UP-TO-DATE
> Task :react-native-webview:mapReleaseSourceSetPaths UP-TO-DATE
> Task :react-native-webview:mergeReleaseResources UP-TO-DATE
> Task :react-native-webview:verifyReleaseResources UP-TO-DATE
> Task :react-native-webview:assembleRelease UP-TO-DATE
> Task :app:optimizeReleaseResources
> Task :app:lintVitalAnalyzeRelease
> Task :app:packageRelease
> Task :app:createReleaseApkListingFileRedirect
> Task :app:lintVitalReportRelease
> Task :app:lintVitalRelease
> Task :app:assembleRelease

Deprecated Gradle features were used in this build, making it incompatible with Gradle 9.0.

You can use '--warning-mode all' to show the individual deprecation warnings and determine if they come from your own scripts or plugins.

For more on this, please refer to https://docs.gradle.org/8.10.2/userguide/command_line_interface.html#sec:command_line_warnings in the Gradle documentation.

BUİLD SUCCESSFUL in 2m 17s
1730 actionable tasks: 98 executed, 1632 up-to-date
